Archive member included to satisfy reference by file (symbol)

app/libapp.a(riverdi-demo.c.obj)
                              (--whole-archive)
app/libapp.a(platform.c.obj)  (--whole-archive)
app/libapp.a(Gpu_Hal.c.obj)   (--whole-archive)
app/libapp.a(CoPro_Cmds.c.obj)
                              (--whole-archive)
app/libapp.a(Hal_Utils.c.obj)
                              (--whole-archive)
app/libapp.a(App_Common.c.obj)
                              (--whole-archive)
zephyr/libzephyr.a(heap.c.obj)
                              (--whole-archive)
zephyr/libzephyr.a(cbprintf_packaged.c.obj)
                              (--whole-archive)
zephyr/libzephyr.a(printk.c.obj)
                              (--whole-archive)
zephyr/libzephyr.a(sem.c.obj)
                              (--whole-archive)
zephyr/libzephyr.a(thread_entry.c.obj)
                              (--whole-archive)
zephyr/libzephyr.a(cbprintf_complete.c.obj)
                              (--whole-archive)
zephyr/libzephyr.a(cbprintf.c.obj)
                              (--whole-archive)
zephyr/libzephyr.a(assert.c.obj)
                              (--whole-archive)
zephyr/libzephyr.a(dec.c.obj)
                              (--whole-archive)
zephyr/libzephyr.a(hex.c.obj)
                              (--whole-archive)
zephyr/libzephyr.a(rb.c.obj)  (--whole-archive)
zephyr/libzephyr.a(timeutil.c.obj)
                              (--whole-archive)
zephyr/libzephyr.a(bitarray.c.obj)
                              (--whole-archive)
zephyr/libzephyr.a(onoff.c.obj)
                              (--whole-archive)
zephyr/libzephyr.a(notify.c.obj)
                              (--whole-archive)
zephyr/libzephyr.a(configs.c.obj)
                              (--whole-archive)
zephyr/libzephyr.a(mem_attr.c.obj)
                              (--whole-archive)
zephyr/libzephyr.a(tracing_none.c.obj)
                              (--whole-archive)
zephyr/libzephyr.a(banner.c.obj)
                              (--whole-archive)
zephyr/libzephyr.a(flash_map_partition_manager.c.obj)
                              (--whole-archive)
zephyr/arch/common/libarch__common.a(sw_isr_common.c.obj)
                              (--whole-archive)
zephyr/arch/arch/arm/core/libarch__arm__core.a(fatal.c.obj)
                              (--whole-archive)
zephyr/arch/arch/arm/core/libarch__arm__core.a(nmi.c.obj)
                              (--whole-archive)
zephyr/arch/arch/arm/core/libarch__arm__core.a(nmi_on_reset.S.obj)
                              (--whole-archive)
zephyr/arch/arch/arm/core/cortex_m/libarch__arm__core__cortex_m.a(exc_exit.c.obj)
                              (--whole-archive)
zephyr/arch/arch/arm/core/cortex_m/libarch__arm__core__cortex_m.a(fault.c.obj)
                              (--whole-archive)
zephyr/arch/arch/arm/core/cortex_m/libarch__arm__core__cortex_m.a(fault_s.S.obj)
                              (--whole-archive)
zephyr/arch/arch/arm/core/cortex_m/libarch__arm__core__cortex_m.a(fpu.c.obj)
                              (--whole-archive)
zephyr/arch/arch/arm/core/cortex_m/libarch__arm__core__cortex_m.a(reset.S.obj)
                              (--whole-archive)
zephyr/arch/arch/arm/core/cortex_m/libarch__arm__core__cortex_m.a(scb.c.obj)
                              (--whole-archive)
zephyr/arch/arch/arm/core/cortex_m/libarch__arm__core__cortex_m.a(thread_abort.c.obj)
                              (--whole-archive)
zephyr/arch/arch/arm/core/cortex_m/libarch__arm__core__cortex_m.a(vector_table.S.obj)
                              (--whole-archive)
zephyr/arch/arch/arm/core/cortex_m/libarch__arm__core__cortex_m.a(swap.c.obj)
                              (--whole-archive)
zephyr/arch/arch/arm/core/cortex_m/libarch__arm__core__cortex_m.a(swap_helper.S.obj)
                              (--whole-archive)
zephyr/arch/arch/arm/core/cortex_m/libarch__arm__core__cortex_m.a(irq_manage.c.obj)
                              (--whole-archive)
zephyr/arch/arch/arm/core/cortex_m/libarch__arm__core__cortex_m.a(prep_c.c.obj)
                              (--whole-archive)
zephyr/arch/arch/arm/core/cortex_m/libarch__arm__core__cortex_m.a(thread.c.obj)
                              (--whole-archive)
zephyr/arch/arch/arm/core/cortex_m/libarch__arm__core__cortex_m.a(cpu_idle.c.obj)
                              (--whole-archive)
zephyr/arch/arch/arm/core/cortex_m/libarch__arm__core__cortex_m.a(irq_init.c.obj)
                              (--whole-archive)
zephyr/arch/arch/arm/core/cortex_m/libarch__arm__core__cortex_m.a(isr_wrapper.c.obj)
                              (--whole-archive)
zephyr/arch/arch/arm/core/cortex_m/cmse/libarch__arm__core__cortex_m__cmse.a(arm_core_cmse.c.obj)
                              (--whole-archive)
zephyr/arch/arch/arm/core/mpu/libarch__arm__core__mpu.a(arm_core_mpu.c.obj)
                              (--whole-archive)
zephyr/arch/arch/arm/core/mpu/libarch__arm__core__mpu.a(arm_mpu.c.obj)
[...]
Memory Configuration

Name             Origin             Length             Attributes
FLASH            0x0000000000010000 0x00000000000f0000 xr
RAM              0x0000000020008000 0x0000000000068000 xw
IDT_LIST         0x00000000ffff7fff 0x0000000000008000 xw
*default*        0x0000000000000000 0xffffffffffffffff

Linker script and memory map

LOAD zephyr/CMakeFiles/zephyr_final.dir/misc/empty_file.c.obj
LOAD zephyr/CMakeFiles/zephyr_final.dir/isr_tables.c.obj
LOAD zephyr/CMakeFiles/offsets.dir/./arch/arm/core/offsets/offsets.c.obj
LOAD tfm/api_ns/interface/lib/s_veneers.o
LOAD app/libapp.a
LOAD zephyr/libzephyr.a
LOAD zephyr/arch/common/libarch__common.a
LOAD zephyr/arch/arch/arm/core/libarch__arm__core.a
LOAD zephyr/arch/arch/arm/core/cortex_m/libarch__arm__core__cortex_m.a
LOAD zephyr/arch/arch/arm/core/cortex_m/cmse/libarch__arm__core__cortex_m__cmse.a
LOAD zephyr/arch/arch/arm/core/mpu/libarch__arm__core__mpu.a
LOAD zephyr/lib/libc/newlib/liblib__libc__newlib.a
LOAD zephyr/lib/libc/common/liblib__libc__common.a
LOAD zephyr/soc/soc/nrf5340/libsoc__nordic.a
LOAD zephyr/drivers/clock_control/libdrivers__clock_control.a
LOAD zephyr/drivers/console/libdrivers__console.a
LOAD zephyr/drivers/gpio/libdrivers__gpio.a
LOAD zephyr/drivers/pinctrl/libdrivers__pinctrl.a
LOAD zephyr/drivers/serial/libdrivers__serial.a
LOAD zephyr/drivers/spi/libdrivers__spi.a
LOAD zephyr/drivers/timer/libdrivers__timer.a
LOAD modules/nrf/subsys/nrf_security/src/zephyr/libmbedtls_zephyr.a
LOAD modules/nrf/modules/trusted-firmware-m/lib..__nrf__modules__trusted-firmware-m.a
LOAD modules/nrf/modules/trusted-firmware-m/libtfm_api_nrf.a
LOAD modules/trusted-firmware-m/libtfm_api.a
LOAD modules/hal_nordic/nrfx/libmodules__hal_nordic__nrfx.a
LOAD zephyr/kernel/libkernel.a
LOAD c:/ncs/toolchains/2d382dcd92/opt/zephyr-sdk/arm-zephyr-eabi/bin/../lib/gcc/arm-zephyr-eabi/12.2.0/thumb/v8-m.main/nofp\libgcc.a
LOAD zephyr/arch/common/libisr_tables.a
LOAD C:/ncs/toolchains/2d382dcd92/opt/zephyr-sdk/arm-zephyr-eabi/arm-zephyr-eabi/lib/thumb/v8-m.main/nofp\libm_nano.a
LOAD C:/ncs/toolchains/2d382dcd92/opt/zephyr-sdk/arm-zephyr-eabi/arm-zephyr-eabi/lib/thumb/v8-m.main/nofp\libc_nano.a
LOAD c:/ncs/toolchains/2d382dcd92/opt/zephyr-sdk/arm-zephyr-eabi/bin/../lib/gcc/arm-zephyr-eabi/12.2.0/thumb/v8-m.main/nofp\libgcc.a
LOAD C:/ncs/toolchains/2d382dcd92/opt/zephyr-sdk/arm-zephyr-eabi/arm-zephyr-eabi/lib/thumb/v8-m.main/nofp\libc_nano.a
LOAD modules/nrf/subsys/nrf_security/src/libmbedcrypto.a
LOAD modules/nrf/subsys/nrf_security/src/libmbedcrypto_base.a
LOAD modules/nrf/subsys/nrf_security/src/libnrf_security_utils.a
LOAD zephyr/kernel/libkernel.a
LOAD C:/ncs/v2.8.0/nrfxlib/crypto/nrf_oberon/lib/cortex-m33/soft-float/liboberon_mbedtls_3.0.15.a
LOAD C:/ncs/v2.8.0/nrfxlib/crypto/nrf_oberon/lib/cortex-m33/soft-float/liboberon_3.0.15.a
LOAD C:/ncs/toolchains/2d382dcd92/opt/zephyr-sdk/arm-zephyr-eabi/arm-zephyr-eabi/lib/thumb/v8-m.main/nofp\libc_nano.a
                0x0000000000000020                _region_min_align = 0x20

.rel.plt        0x0000000000010000        0x0
 *(SORT_BY_ALIGNMENT(.rel.plt))
                [!provide]                        PROVIDE (__rel_iplt_start = .)
 *(SORT_BY_ALIGNMENT(.rel.iplt))
 .rel.iplt      0x0000000000010000        0x0 zephyr/CMakeFiles/zephyr_final.dir/isr_tables.c.obj
                [!provide]                        PROVIDE (__rel_iplt_end = .)

.rela.plt       0x0000000000000000        0x0
 *(SORT_BY_ALIGNMENT(.rela.plt))
                [!provide]                        PROVIDE (__rela_iplt_start = .)
 *(SORT_BY_ALIGNMENT(.rela.iplt))
                [!provide]                        PROVIDE (__rela_iplt_end = .)

.rel.dyn
 *(SORT_BY_ALIGNMENT(.rel.*))

.rela.dyn
 *(SORT_BY_ALIGNMENT(.rela.*))

/DISCARD/
 *(SORT_BY_ALIGNMENT(.plt))

/DISCARD/
 *(SORT_BY_ALIGNMENT(.iplt))
                0x0000000000010000                __rom_region_start = 0x10000

rom_start       0x0000000000010000      0x154
                0x0000000000010000                __rom_start_address = .
 FILL mask 0x00
                0x0000000000010000                . = (. + (0x0 - (. - __rom_start_address)))
                0x0000000000010000                . = ALIGN (0x4)
                0x0000000000010000                . = ALIGN (0x80)
                0x0000000000010000                . = ALIGN (0x200)
                0x0000000000010000                _vector_start = .
 *(SORT_BY_ALIGNMENT(.exc_vector_table))
 *(SORT_BY_ALIGNMENT(.exc_vector_table.*))
 .exc_vector_table._vector_table_section
                0x0000000000010000       0x40 zephyr/arch/arch/arm/core/cortex_m/libarch__arm__core__cortex_m.a(vector_table.S.obj)
                0x0000000000010000                _vector_table
 *(SORT_BY_ALIGNMENT(.vectors))
                0x0000000000010154                _vector_end = .
                0x0000000000010040                . = ALIGN (0x4)
 *(SORT_BY_ALIGNMENT(.gnu.linkonce.irq_vector_table*))
 .gnu.linkonce.irq_vector_table
                0x0000000000010040      0x114 zephyr/CMakeFiles/zephyr_final.dir/isr_tables.c.obj
                0x0000000000010040                _irq_vector_table
                0x0000000000010154                _vector_end = .

text            0x0000000000010154     0x915c
                0x0000000000010154                __text_region_start = .
 *(SORT_BY_ALIGNMENT(.text))
 .text          0x0000000000010154       0x30 c:/ncs/toolchains/2d382dcd92/opt/zephyr-sdk/arm-zephyr-eabi/bin/../lib/gcc/arm-zephyr-eabi/12.2.0/thumb/v8-m.main/nofp\libgcc.a(_aeabi_uldivmod.o)
                0x0000000000010154                __aeabi_uldivmod
 .text          0x0000000000010184        0x4 c:/ncs/toolchains/2d382dcd92/opt/zephyr-sdk/arm-zephyr-eabi/bin/../lib/gcc/arm-zephyr-eabi/12.2.0/thumb/v8-m.main/nofp\libgcc.a(_dvmd_tls.o)
                0x0000000000010184                __aeabi_idiv0
                0x0000000000010184                __aeabi_ldiv0
 .text          0x0000000000010188      0x29c c:/ncs/toolchains/2d382dcd92/opt/zephyr-sdk/arm-zephyr-eabi/bin/../lib/gcc/arm-zephyr-eabi/12.2.0/thumb/v8-m.main/nofp\libgcc.a(_udivmoddi4.o)
                0x0000000000010188                __udivmoddi4
 .text          0x0000000000010424       0x10 C:/ncs/toolchains/2d382dcd92/opt/zephyr-sdk/arm-zephyr-eabi/arm-zephyr-eabi/lib/thumb/v8-m.main/nofp\libc_nano.a(lib_a-strlen.o)
                0x0000000000010424                strlen
 *(SORT_BY_ALIGNMENT(.text.*))
 .text.ball_task
                0x0000000000010434      0x3a8 app/libapp.a(riverdi-demo.c.obj)
 .text.main     0x00000000000107dc       0x90 app/libapp.a(riverdi-demo.c.obj)
                0x00000000000107dc                main
 .text.platform_init
                0x000000000001086c       0x38 app/libapp.a(platform.c.obj)
                0x000000000001086c                platform_init
 .text.platform_spi_init
                0x00000000000108a4       0x18 app/libapp.a(platform.c.obj)
                0x00000000000108a4                platform_spi_init
 .text.platform_spi_send_recv_byte
                0x00000000000108bc       0x48 app/libapp.a(platform.c.obj)
                0x00000000000108bc                platform_spi_send_recv_byte
 .text.platform_spi_send_data
                0x0000000000010904       0x2c app/libapp.a(platform.c.obj)
                0x0000000000010904                platform_spi_send_data
 .text.platform_gpio_init
                0x0000000000010930       0x24 app/libapp.a(platform.c.obj)
                0x0000000000010930                platform_gpio_init
 .text.platform_gpio_value
                0x0000000000010954       0x14 app/libapp.a(platform.c.obj)
                0x0000000000010954                platform_gpio_value
 .text.Gpu_Hal_DLSwap
                0x0000000000010968       0x34 app/libapp.a(Gpu_Hal.c.obj)
                0x0000000000010968                Gpu_Hal_DLSwap
 .text.Gpu_Hal_SetSPI
                0x000000000001099c       0x44 app/libapp.a(Gpu_Hal.c.obj)
                0x000000000001099c                Gpu_Hal_SetSPI
 .text.Gpu_Hal_Updatecmdfifo
                0x00000000000109e0       0x24 app/libapp.a(Gpu_Hal.c.obj)
                0x00000000000109e0                Gpu_Hal_Updatecmdfifo
 .text.Gpu_Cmdfifo_Freespace
                0x0000000000010a04       0x20 app/libapp.a(Gpu_Hal.c.obj)
                0x0000000000010a04                Gpu_Cmdfifo_Freespace
 .text.Gpu_Hal_WaitCmdfifo_empty
                0x0000000000010a24       0x30 app/libapp.a(Gpu_Hal.c.obj)
                0x0000000000010a24                Gpu_Hal_WaitCmdfifo_empty
 .text.Gpu_ClearScreen
                0x0000000000010a54       0x24 app/libapp.a(Gpu_Hal.c.obj)
                0x0000000000010a54                Gpu_ClearScreen
 .text.App_WrCoCmd_Buffer
                0x0000000000010a78       0x34 app/libapp.a(App_Common.c.obj)
                0x0000000000010a78                App_WrCoCmd_Buffer
 .text.App_Flush_Co_Buffer
                0x0000000000010aac       0x20 app/libapp.a(App_Common.c.obj)
                0x0000000000010aac                App_Flush_Co_Buffer
 .text.App_Set_DlBuffer_Index
                0x0000000000010acc        0xc app/libapp.a(App_Common.c.obj)
                0x0000000000010acc                App_Set_DlBuffer_Index
 .text.dc       0x0000000000010ad8       0x10 app/libapp.a(App_Common.c.obj)
                0x0000000000010ad8                dc
 .text.setup_element
                0x0000000000010ae8       0x68 app/libapp.a(App_Common.c.obj)
 .text.draw     0x0000000000010b50       0x48 app/libapp.a(App_Common.c.obj)
 .text.App_Show_Logo
                0x0000000000010b98      0x29c app/libapp.a(App_Common.c.obj)
                0x0000000000010b98                App_Show_Logo
 .text.App_Common_Init
                0x0000000000010e34      0x2c4 app/libapp.a(App_Common.c.obj)
                0x0000000000010e34                App_Common_Init
 .text.char_out
                0x00000000000110f8       0x10 zephyr/libzephyr.a(printk.c.obj)
 .text.__printk_hook_install
                0x0000000000011108        0xc zephyr/libzephyr.a(printk.c.obj)
                0x0000000000011108                __printk_hook_install
 .text.vprintk  0x0000000000011114       0x1c zephyr/libzephyr.a(printk.c.obj)
                0x0000000000011114                vprintk
 .text.extract_decimal
                0x0000000000011130       0x2c zephyr/libzephyr.a(cbprintf_complete.c.obj)
 .text.extract_flags
                0x000000000001115c       0xc4 zephyr/libzephyr.a(cbprintf_complete.c.obj)
 .text.encode_uint
                0x0000000000011220       0xac zephyr/libzephyr.a(cbprintf_complete.c.obj)
 .text.encode_float
                0x00000000000112cc      0x3fc zephyr/libzephyr.a(cbprintf_complete.c.obj)
 .text.z_cbvprintf_impl
                0x00000000000116c8      0x6bc zephyr/libzephyr.a(cbprintf_complete.c.obj)
                0x00000000000116c8                z_cbvprintf_impl
 .text.process_event
                0x0000000000011d84      0x16c zephyr/libzephyr.a(onoff.c.obj)
 .text.mem_attr_get_regions
                0x0000000000011ef0        0xc zephyr/libzephyr.a(mem_attr.c.obj)
                0x0000000000011ef0                mem_attr_get_regions
 .text.boot_banner
                0x0000000000011efc       0x18 zephyr/libzephyr.a(banner.c.obj)
                0x0000000000011efc                boot_banner
 .text.z_SysNmiOnReset
                0x0000000000011f14        0x8 zephyr/arch/arch/arm/core/libarch__arm__core.a(nmi_on_reset.S.obj)
                0x0000000000011f14                z_SysNmiOnReset
 .text._HandlerModeExit
                0x0000000000011f1c       0x28 zephyr/arch/arch/arm/core/cortex_m/libarch__arm__core__cortex_m.a(exc_exit.c.obj)
                0x0000000000011f1c                z_arm_int_exit
                0x0000000000011f1c                z_arm_exc_exit
 .text.mem_manage_fault
                0x0000000000011f44       0xa4 zephyr/arch/arch/arm/core/cortex_m/libarch__arm__core__cortex_m.a(fault.c.obj)
 .text.bus_fault
                0x0000000000011fe8       0x8c zephyr/arch/arch/arm/core/cortex_m/libarch__arm__core__cortex_m.a(fault.c.obj)
 .text.usage_fault
                0x0000000000012074       0x70 zephyr/arch/arch/arm/core/cortex_m/libarch__arm__core__cortex_m.a(fault.c.obj)
 .text.z_arm_is_synchronous_svc
                0x00000000000120e4       0x3c zephyr/arch/arch/arm/core/cortex_m/libarch__arm__core__cortex_m.a(fault.c.obj)
 .text.hard_fault
                0x0000000000012120       0x78 zephyr/arch/arch/arm/core/cortex_m/libarch__arm__core__cortex_m.a(fault.c.obj)
 .text.z_arm_fault
                0x0000000000012198       0x88 zephyr/arch/arch/arm/core/cortex_m/libarch__arm__core__cortex_m.a(fault.c.obj)
                0x0000000000012198                z_arm_fault
 .text.z_arm_fault_init
                0x0000000000012220       0x20 zephyr/arch/arch/arm/core/cortex_m/libarch__arm__core__cortex_m.a(fault.c.obj)
                0x0000000000012220                z_arm_fault_init
 .text.__fault  0x0000000000012240       0x14 zephyr/arch/arch/arm/core/cortex_m/libarch__arm__core__cortex_m.a(fault_s.S.obj)
                0x0000000000012240                z_arm_usage_fault
                0x0000000000012240                z_arm_mpu_fault
                0x0000000000012240                z_arm_exc_spurious
                0x0000000000012240                z_arm_debug_monitor
                0x0000000000012240                z_arm_hard_fault
                0x0000000000012240                z_arm_bus_fault
 .text._reset_section
                0x0000000000012254       0x60 zephyr/arch/arch/arm/core/cortex_m/libarch__arm__core__cortex_m.a(reset.S.obj)
                0x0000000000012254                __start
                0x0000000000012254                z_arm_reset
 .text.z_arm_clear_arm_mpu_config
                0x00000000000122b4       0x28 zephyr/arch/arch/arm/core/cortex_m/libarch__arm__core__cortex_m.a(scb.c.obj)
                0x00000000000122b4                z_arm_clear_arm_mpu_config
 .text.z_arm_init_arch_hw_at_boot
                0x00000000000122dc       0x54 zephyr/arch/arch/arm/core/cortex_m/libarch__arm__core__cortex_m.a(scb.c.obj)
                0x00000000000122dc                z_arm_init_arch_hw_at_boot
 .text.z_impl_k_thread_abort
                0x0000000000012330       0x34 zephyr/arch/arch/arm/core/cortex_m/libarch__arm__core__cortex_m.a(thread_abort.c.obj)
                0x0000000000012330                z_impl_k_thread_abort
 .text.arch_swap
                0x0000000000012364       0x30 zephyr/arch/arch/arm/core/cortex_m/libarch__arm__core__cortex_m.a(swap.c.obj)
                0x0000000000012364                arch_swap
 .text.z_arm_pendsv_c
                0x0000000000012394       0x44 zephyr/arch/arch/arm/core/cortex_m/libarch__arm__core__cortex_m.a(swap.c.obj)
                0x0000000000012394                z_arm_pendsv_c
 .text.z_arm_pendsv
                0x00000000000123d8       0x48 zephyr/arch/arch/arm/core/cortex_m/libarch__arm__core__cortex_m.a(swap_helper.S.obj)
                0x00000000000123d8                z_arm_pendsv
 .text.z_arm_svc
                0x0000000000012420       0x20 zephyr/arch/arch/arm/core/cortex_m/libarch__arm__core__cortex_m.a(swap_helper.S.obj)
                0x0000000000012420                z_arm_svc
 .text.__NVIC_EnableIRQ
                0x0000000000012440       0x1c zephyr/arch/arch/arm/core/cortex_m/libarch__arm__core__cortex_m.a(irq_manage.c.obj)
 .text.__NVIC_DisableIRQ
                0x000000000001245c       0x24 zephyr/arch/arch/arm/core/cortex_m/libarch__arm__core__cortex_m.a(irq_manage.c.obj)
 .text.__NVIC_SetPriority
                0x0000000000012480       0x28 zephyr/arch/arch/arm/core/cortex_m/libarch__arm__core__cortex_m.a(irq_manage.c.obj)
 .text.arch_irq_is_enabled
                0x00000000000124a8       0x1c zephyr/arch/arch/arm/core/cortex_m/libarch__arm__core__cortex_m.a(irq_manage.c.obj)
                0x00000000000124a8                arch_irq_is_enabled
 .text.z_prep_c
                0x00000000000124c4       0x38 zephyr/arch/arch/arm/core/cortex_m/libarch__arm__core__cortex_m.a(prep_c.c.obj)
                0x00000000000124c4                z_prep_c
 .text.arch_new_thread
                0x00000000000124fc       0x48 zephyr/arch/arch/arm/core/cortex_m/libarch__arm__core__cortex_m.a(thread.c.obj)
                0x00000000000124fc                arch_new_thread
 .text.arch_switch_to_main_thread
                0x0000000000012544       0x3c zephyr/arch/arch/arm/core/cortex_m/libarch__arm__core__cortex_m.a(thread.c.obj)
                0x0000000000012544                arch_switch_to_main_thread
 .text.z_arm_cpu_idle_init
                0x0000000000012580        0xc zephyr/arch/arch/arm/core/cortex_m/libarch__arm__core__cortex_m.a(cpu_idle.c.obj)
                0x0000000000012580                z_arm_cpu_idle_init
 .text.z_arm_interrupt_init
                0x000000000001258c       0x34 zephyr/arch/arch/arm/core/cortex_m/libarch__arm__core__cortex_m.a(irq_init.c.obj)
                0x000000000001258c                z_arm_interrupt_init
 .text._isr_wrapper
                0x00000000000125c0       0x20 zephyr/arch/arch/arm/core/cortex_m/libarch__arm__core__cortex_m.a(isr_wrapper.c.obj)
                0x00000000000125c0                _isr_wrapper
 .text.z_arm_configure_static_mpu_regions
                0x00000000000125e0       0x40 zephyr/arch/arch/arm/core/mpu/libarch__arm__core__mpu.a(arm_core_mpu.c.obj)
                0x00000000000125e0                z_arm_configure_static_mpu_regions
 .text.mpu_init
                0x0000000000012620       0x14 zephyr/arch/arch/arm/core/mpu/libarch__arm__core__mpu.a(arm_mpu.c.obj)
 .text.mpu_set_region
                0x0000000000012634       0x14 zephyr/arch/arch/arm/core/mpu/libarch__arm__core__mpu.a(arm_mpu.c.obj)
 .text.mpu_region_get_conf
                0x0000000000012648       0x40 zephyr/arch/arch/arm/core/mpu/libarch__arm__core__mpu.a(arm_mpu.c.obj)
 .text.region_allocate_and_init
                0x0000000000012688       0x28 zephyr/arch/arch/arm/core/mpu/libarch__arm__core__mpu.a(arm_mpu.c.obj)
 .text.mpu_configure_regions_and_partition
                0x00000000000126b0      0x188 zephyr/arch/arch/arm/core/mpu/libarch__arm__core__mpu.a(arm_mpu.c.obj)
 .text.mpu_configure_static_mpu_regions
                0x0000000000012838       0x14 zephyr/arch/arch/arm/core/mpu/libarch__arm__core__mpu.a(arm_mpu.c.obj)
 .text.mpu_mark_areas_for_dynamic_regions
                0x000000000001284c       0x60 zephyr/arch/arch/arm/core/mpu/libarch__arm__core__mpu.a(arm_mpu.c.obj)
 .text.arm_core_mpu_enable
                0x00000000000128ac       0x18 zephyr/arch/arch/arm/core/mpu/libarch__arm__core__mpu.a(arm_mpu.c.obj)
                0x00000000000128ac                arm_core_mpu_enable
 .text.arm_core_mpu_disable
                0x00000000000128c4       0x14 zephyr/arch/arch/arm/core/mpu/libarch__arm__core__mpu.a(arm_mpu.c.obj)
                0x00000000000128c4                arm_core_mpu_disable
 .text.z_arm_mpu_init
                0x00000000000128d8       0x80 zephyr/arch/arch/arm/core/mpu/libarch__arm__core__mpu.a(arm_mpu.c.obj)
                0x00000000000128d8                z_arm_mpu_init
 .text.__stdout_hook_install
                0x0000000000012958        0xc zephyr/lib/libc/newlib/liblib__libc__newlib.a(libc-hooks.c.obj)
                0x0000000000012958                __stdout_hook_install
 .text.nrfx_coredep_delay_us
                0x0000000000012964       0x2c zephyr/soc/soc/nrf5340/libsoc__nordic.a(soc.c.obj)
 .text.nrf53_anomaly_160_check
                0x0000000000012990       0x7c zephyr/soc/soc/nrf5340/libsoc__nordic.a(soc.c.obj)
 .text.nordicsemi_nrf53_init
                0x0000000000012a0c       0x38 zephyr/soc/soc/nrf5340/libsoc__nordic.a(soc.c.obj)
 .text.rtc_pretick_cpuapp_init
                0x0000000000012a44       0x64 zephyr/soc/soc/nrf5340/libsoc__nordic.a(soc.c.obj)
 .text.nrf53_errata_161
                0x0000000000012aa8       0x2c zephyr/soc/soc/nrf5340/libsoc__nordic.a(nrf53_cpunet_mgmt.c.obj)
 .text.onoff_stop
                0x0000000000012ad4       0x18 zephyr/soc/soc/nrf5340/libsoc__nordic.a(nrf53_cpunet_mgmt.c.obj)
 .text.nrf53_cpunet_mgmt_init
                0x0000000000012aec       0x14 zephyr/soc/soc/nrf5340/libsoc__nordic.a(nrf53_cpunet_mgmt.c.obj)
 .text.onoff_start
                0x0000000000012b00       0x1c zephyr/soc/soc/nrf5340/libsoc__nordic.a(nrf53_cpunet_mgmt.c.obj)
 .text.get_hf_flags
                0x0000000000012b1c        0x8 zephyr/drivers/clock_control/libdrivers__clock_control.a(clock_control_nrf.c.obj)
 .text.get_subsys
                0x0000000000012b24       0x18 zephyr/drivers/clock_control/libdrivers__clock_control.a(clock_control_nrf.c.obj)
 .text.onoff_stop
                0x0000000000012b3c       0x20 zephyr/drivers/clock_control/libdrivers__clock_control.a(clock_control_nrf.c.obj)
 .text.onoff_start
                0x0000000000012b5c       0x34 zephyr/drivers/clock_control/libdrivers__clock_control.a(clock_control_nrf.c.obj)
 .text.clock_event_handler
                0x0000000000012b90       0x50 zephyr/drivers/clock_control/libdrivers__clock_control.a(clock_control_nrf.c.obj)
 .text.generic_hfclk_start
                0x0000000000012be0       0x70 zephyr/drivers/clock_control/libdrivers__clock_control.a(clock_control_nrf.c.obj)
 .text.generic_hfclk_stop
                0x0000000000012c50       0x34 zephyr/drivers/clock_control/libdrivers__clock_control.a(clock_control_nrf.c.obj)
 .text.lfclk_spinwait
                0x0000000000012c84       0xcc zephyr/drivers/clock_control/libdrivers__clock_control.a(clock_control_nrf.c.obj)
 .text.api_blocking_start
                0x0000000000012d50       0x38 zephyr/drivers/clock_control/libdrivers__clock_control.a(clock_control_nrf.c.obj)
 .text.clk_init
                0x0000000000012d88       0x60 zephyr/drivers/clock_control/libdrivers__clock_control.a(clock_control_nrf.c.obj)
 .text.z_nrf_clock_control_lf_on
                0x0000000000012de8       0x4c zephyr/drivers/clock_control/libdrivers__clock_control.a(clock_control_nrf.c.obj)
                0x0000000000012de8                z_nrf_clock_control_lf_on
 .text.console_out
                0x0000000000012e34       0x28 zephyr/drivers/console/libdrivers__console.a(uart_console.c.obj)
 .text.uart_console_hook_install
                0x0000000000012e5c       0x18 zephyr/drivers/console/libdrivers__console.a(uart_console.c.obj)
 .text.uart_console_init
                0x0000000000012e74       0x1c zephyr/drivers/console/libdrivers__console.a(uart_console.c.obj)
 .text.nrf_gpio_reconfigure
                0x0000000000012e90       0xc0 zephyr/drivers/gpio/libdrivers__gpio.a(gpio_nrfx.c.obj)
 .text.nrf_gpio_pin_dir_get
                0x0000000000012f50       0x2c zephyr/drivers/gpio/libdrivers__gpio.a(gpio_nrfx.c.obj)
 .text.get_dev  0x0000000000012f7c       0x1c zephyr/drivers/gpio/libdrivers__gpio.a(gpio_nrfx.c.obj)
 .text.gpio_nrfx_pin_interrupt_configure
                0x0000000000012f98       0xe0 zephyr/drivers/gpio/libdrivers__gpio.a(gpio_nrfx.c.obj)
 .text.gpio_nrfx_pin_configure
                0x0000000000013078      0x1bc zephyr/drivers/gpio/libdrivers__gpio.a(gpio_nrfx.c.obj)
 .text.gpio_nrfx_init
                0x0000000000013234       0x54 zephyr/drivers/gpio/libdrivers__gpio.a(gpio_nrfx.c.obj)
 .text.nrf_gpio_cfg
                0x0000000000013288       0x54 zephyr/drivers/pinctrl/libdrivers__pinctrl.a(pinctrl_nrf.c.obj)
 .text.nrf_gpio_pin_set
                0x00000000000132dc       0x28 zephyr/drivers/pinctrl/libdrivers__pinctrl.a(pinctrl_nrf.c.obj)
 .text.nrf_gpio_pin_clear
                0x0000000000013304       0x28 zephyr/drivers/pinctrl/libdrivers__pinctrl.a(pinctrl_nrf.c.obj)
 .text.pinctrl_configure_pins
                0x000000000001332c      0x274 zephyr/drivers/pinctrl/libdrivers__pinctrl.a(pinctrl_nrf.c.obj)
                0x000000000001332c                pinctrl_configure_pins
 .text.uarte_nrfx_poll_out
                0x00000000000135a0       0x68 zephyr/drivers/serial/libdrivers__serial.a(uart_nrfx_uarte.c.obj)
 .text.endtx_stoptx_ppi_init
                0x0000000000013608       0x3c zephyr/drivers/serial/libdrivers__serial.a(uart_nrfx_uarte.c.obj)
 .text.uarte_instance_init
                0x0000000000013644       0x40 zephyr/drivers/serial/libdrivers__serial.a(uart_nrfx_uarte.c.obj)
 .text.nrf_gpio_pin_set
                0x0000000000013684       0x28 zephyr/drivers/spi/libdrivers__spi.a(spi_nrfx_spim.c.obj)
 .text.nrf_gpio_pin_clear
                0x00000000000136ac       0x28 zephyr/drivers/spi/libdrivers__spi.a(spi_nrfx_spim.c.obj)
 .text.get_nrf_spim_frequency
                0x00000000000136d4       0x8c zephyr/drivers/spi/libdrivers__spi.a(spi_nrfx_spim.c.obj)
 .text.configure
                0x0000000000013760      0x140 zephyr/drivers/spi/libdrivers__spi.a(spi_nrfx_spim.c.obj)
 .text.transfer_next_chunk
                0x00000000000138a0       0xc4 zephyr/drivers/spi/libdrivers__spi.a(spi_nrfx_spim.c.obj)
 .text.spi_nrfx_init
                0x0000000000013964       0x54 zephyr/drivers/spi/libdrivers__spi.a(spi_nrfx_spim.c.obj)
 .text.nrf_gpio_cfg
                0x00000000000139b8       0x54 zephyr/drivers/spi/libdrivers__spi.a(spi_nrfx_common.c.obj)
 .text.spi_nrfx_wake_init
                0x0000000000013a0c       0x64 zephyr/drivers/spi/libdrivers__spi.a(spi_nrfx_common.c.obj)
                0x0000000000013a0c                spi_nrfx_wake_init
 .text.set_comparator
                0x0000000000013a70       0x14 zephyr/drivers/timer/libdrivers__timer.a(nrf_rtc_timer.c.obj)
 .text.event_enable
                0x0000000000013a84       0x14 zephyr/drivers/timer/libdrivers__timer.a(nrf_rtc_timer.c.obj)
 .text.event_disable
                0x0000000000013a98       0x14 zephyr/drivers/timer/libdrivers__timer.a(nrf_rtc_timer.c.obj)
 .text.counter  0x0000000000013aac        0xc zephyr/drivers/timer/libdrivers__timer.a(nrf_rtc_timer.c.obj)
 .text.set_alarm
                0x0000000000013ab8       0x88 zephyr/drivers/timer/libdrivers__timer.a(nrf_rtc_timer.c.obj)
 .text.int_event_disable_rtc
                0x0000000000013b40       0x18 zephyr/drivers/timer/libdrivers__timer.a(nrf_rtc_timer.c.obj)
 .text.compare_int_lock
                0x0000000000013b58       0x44 zephyr/drivers/timer/libdrivers__timer.a(nrf_rtc_timer.c.obj)
 .text.channel_processing_check_and_clear
                0x0000000000013b9c       0x58 zephyr/drivers/timer/libdrivers__timer.a(nrf_rtc_timer.c.obj)
 .text.compare_int_unlock
                0x0000000000013bf4       0x50 zephyr/drivers/timer/libdrivers__timer.a(nrf_rtc_timer.c.obj)
 .text.sys_clock_timeout_handler
                0x0000000000013c44       0x50 zephyr/drivers/timer/libdrivers__timer.a(nrf_rtc_timer.c.obj)
 .text.z_nrf_rtc_timer_read
                0x0000000000013c94       0x40 zephyr/drivers/timer/libdrivers__timer.a(nrf_rtc_timer.c.obj)
                0x0000000000013c94                z_nrf_rtc_timer_read
 .text.compare_set_nolocks
                0x0000000000013cd4       0xa4 zephyr/drivers/timer/libdrivers__timer.a(nrf_rtc_timer.c.obj)
 .text.sys_clock_driver_init
                0x0000000000013d78       0x9c zephyr/drivers/timer/libdrivers__timer.a(nrf_rtc_timer.c.obj)
 .text.process_channel
                0x0000000000013e14       0x7c zephyr/drivers/timer/libdrivers__timer.a(nrf_rtc_timer.c.obj)
 .text.rtc_nrf_isr
                0x0000000000013e90       0x40 zephyr/drivers/timer/libdrivers__timer.a(nrf_rtc_timer.c.obj)
                0x0000000000013e90                rtc_nrf_isr
 .text.sys_clock_set_timeout
                0x0000000000013ed0       0x74 zephyr/drivers/timer/libdrivers__timer.a(nrf_rtc_timer.c.obj)
                0x0000000000013ed0                sys_clock_set_timeout
 .text.sys_clock_elapsed
                0x0000000000013f44       0x14 zephyr/drivers/timer/libdrivers__timer.a(nrf_rtc_timer.c.obj)
                0x0000000000013f44                sys_clock_elapsed
 .text.bus_fault
                0x0000000000013f58       0x4c modules/nrf/modules/trusted-firmware-m/lib..__nrf__modules__trusted-firmware-m.a(fault.c.obj)
 .text.secure_fault
                0x0000000000013fa4       0x54 modules/nrf/modules/trusted-firmware-m/lib..__nrf__modules__trusted-firmware-m.a(fault.c.obj)
 .text.ns_fault_init
                0x0000000000013ff8       0x14 modules/nrf/modules/trusted-firmware-m/lib..__nrf__modules__trusted-firmware-m.a(fault.c.obj)
 .text.arm_fault
                0x000000000001400c       0x40 modules/nrf/modules/trusted-firmware-m/lib..__nrf__modules__trusted-firmware-m.a(fault.c.obj)
                0x000000000001400c                arm_fault
 .text.tfm_ns_fault_handler_callback
                0x000000000001404c       0x48 modules/nrf/modules/trusted-firmware-m/lib..__nrf__modules__trusted-firmware-m.a(fault.c.obj)
                0x000000000001404c                tfm_ns_fault_handler_callback
 .text.tfm_ns_interface_dispatch
                0x0000000000014094       0x5c modules/trusted-firmware-m/libtfm_api.a(interface.c.obj)
                0x0000000000014094                tfm_ns_interface_dispatch
 .text.tfm_platform_ioctl
                0x00000000000140f0       0x54 modules/trusted-firmware-m/libtfm_api.a(tfm_platform_api.c.obj)
                0x00000000000140f0                tfm_platform_ioctl
 .text.psa_call
                0x0000000000014144       0x54 modules/trusted-firmware-m/libtfm_api.a(tfm_tz_psa_ns_api.c.obj)
                0x0000000000014144                psa_call
 .text.nrfx_flag32_alloc
                0x0000000000014198       0x40 modules/hal_nordic/nrfx/libmodules__hal_nordic__nrfx.a(nrfx_flag32_allocator.c.obj)
                0x0000000000014198                nrfx_flag32_alloc
 .text.nrfx_flag32_free
                0x00000000000141d8       0x3c modules/hal_nordic/nrfx/libmodules__hal_nordic__nrfx.a(nrfx_flag32_allocator.c.obj)
                0x00000000000141d8                nrfx_flag32_free
 .text.nrfx_gppi_channels_enable
                0x0000000000014214        0xc modules/hal_nordic/nrfx/libmodules__hal_nordic__nrfx.a(nrfx_gppi_dppi.c.obj)
                0x0000000000014214                nrfx_gppi_channels_enable
 .text.clock_stop
                0x0000000000014220       0xb4 modules/hal_nordic/nrfx/libmodules__hal_nordic__nrfx.a(nrfx_clock.c.obj)
 .text.nrfx_clock_init
                0x00000000000142d4       0x24 modules/hal_nordic/nrfx/libmodules__hal_nordic__nrfx.a(nrfx_clock.c.obj)
                0x00000000000142d4                nrfx_clock_init
 .text.nrfx_clock_enable
                0x00000000000142f8       0x2c modules/hal_nordic/nrfx/libmodules__hal_nordic__nrfx.a(nrfx_clock.c.obj)
                0x00000000000142f8                nrfx_clock_enable
 .text.nrfx_clock_start
                0x0000000000014324      0x100 modules/hal_nordic/nrfx/libmodules__hal_nordic__nrfx.a(nrfx_clock.c.obj)
                0x0000000000014324                nrfx_clock_start
 .text.nrfx_power_clock_irq_handler
                0x0000000000014424       0xb8 modules/hal_nordic/nrfx/libmodules__hal_nordic__nrfx.a(nrfx_clock.c.obj)
                0x0000000000014424                nrfx_power_clock_irq_handler
 .text.nrfx_dppi_channel_alloc
                0x00000000000144dc       0x10 modules/hal_nordic/nrfx/libmodules__hal_nordic__nrfx.a(nrfx_dppi.c.obj)
                0x00000000000144dc                nrfx_dppi_channel_alloc
 .text.nrf_gpio_cfg
                0x00000000000144ec       0x54 modules/hal_nordic/nrfx/libmodules__hal_nordic__nrfx.a(nrfx_gpiote.c.obj)
 .text.nrf_gpio_reconfigure
                0x0000000000014540       0xc0 modules/hal_nordic/nrfx/libmodules__hal_nordic__nrfx.a(nrfx_gpiote.c.obj)
 .text.nrf_gpio_pin_read
                0x0000000000014600       0x28 modules/hal_nordic/nrfx/libmodules__hal_nordic__nrfx.a(nrfx_gpiote.c.obj)
 .text.nrf_gpio_pin_sense_get
                0x0000000000014628       0x2c modules/hal_nordic/nrfx/libmodules__hal_nordic__nrfx.a(nrfx_gpiote.c.obj)
 .text.nrf_gpio_latches_read_and_clear
                0x0000000000014654       0x40 modules/hal_nordic/nrfx/libmodules__hal_nordic__nrfx.a(nrfx_gpiote.c.obj)
 .text.nrf_gpio_pin_latch_clear
                0x0000000000014694       0x28 modules/hal_nordic/nrfx/libmodules__hal_nordic__nrfx.a(nrfx_gpiote.c.obj)
 .text.get_pin_idx
                0x00000000000146bc       0x14 modules/hal_nordic/nrfx/libmodules__hal_nordic__nrfx.a(nrfx_gpiote.c.obj)
 .text.get_cb   0x00000000000146d0       0x10 modules/hal_nordic/nrfx/libmodules__hal_nordic__nrfx.a(nrfx_gpiote.c.obj)
 .text.gpiote_output_configure
                0x00000000000146e0       0xfc modules/hal_nordic/nrfx/libmodules__hal_nordic__nrfx.a(nrfx_gpiote.c.obj)
 .text.gpiote_channel_get
                0x00000000000147dc       0x38 modules/hal_nordic/nrfx/libmodules__hal_nordic__nrfx.a(nrfx_gpiote.c.obj)
 .text.latch_pending_read_and_check
                0x0000000000014814       0x50 modules/hal_nordic/nrfx/libmodules__hal_nordic__nrfx.a(nrfx_gpiote.c.obj)
 .text.pin_handler_set
                0x0000000000014864       0x88 modules/hal_nordic/nrfx/libmodules__hal_nordic__nrfx.a(nrfx_gpiote.c.obj)
 .text.gpiote_input_configure
                0x00000000000148ec      0x170 modules/hal_nordic/nrfx/libmodules__hal_nordic__nrfx.a(nrfx_gpiote.c.obj)
 .text.pin_uninit
                0x0000000000014a5c       0x34 modules/hal_nordic/nrfx/libmodules__hal_nordic__nrfx.a(nrfx_gpiote.c.obj)
 .text.gpiote_init
                0x0000000000014a90       0x4c modules/hal_nordic/nrfx/libmodules__hal_nordic__nrfx.a(nrfx_gpiote.c.obj)
 .text.port_event_handle
                0x0000000000014adc       0xc4 modules/hal_nordic/nrfx/libmodules__hal_nordic__nrfx.a(nrfx_gpiote.c.obj)
 .text.nrfx_gpiote_1_irq_handler
                0x0000000000014ba0       0x14 modules/hal_nordic/nrfx/libmodules__hal_nordic__nrfx.a(nrfx_gpiote.c.obj)
                0x0000000000014ba0                nrfx_gpiote_1_irq_handler
 .text.nrf_gpio_cfg
                0x0000000000014bb4       0x54 modules/hal_nordic/nrfx/libmodules__hal_nordic__nrfx.a(nrfx_spim.c.obj)
 .text.nrf_gpio_pin_set
                0x0000000000014c08       0x28 modules/hal_nordic/nrfx/libmodules__hal_nordic__nrfx.a(nrfx_spim.c.obj)
 .text.nrf_gpio_pin_clear
                0x0000000000014c30       0x28 modules/hal_nordic/nrfx/libmodules__hal_nordic__nrfx.a(nrfx_spim.c.obj)
 .text.configure_pins
                0x0000000000014c58       0x98 modules/hal_nordic/nrfx/libmodules__hal_nordic__nrfx.a(nrfx_spim.c.obj)
 .text.spim_frequency_valid_check
                0x0000000000014cf0       0x94 modules/hal_nordic/nrfx/libmodules__hal_nordic__nrfx.a(nrfx_spim.c.obj)
 .text.spim_frequency_bit_decode
                0x0000000000014d84       0xb0 modules/hal_nordic/nrfx/libmodules__hal_nordic__nrfx.a(nrfx_spim.c.obj)
 .text.spim_configuration_verify
                0x0000000000014e34       0xe4 modules/hal_nordic/nrfx/libmodules__hal_nordic__nrfx.a(nrfx_spim.c.obj)
 .text.spim_configure
                0x0000000000014f18      0x104 modules/hal_nordic/nrfx/libmodules__hal_nordic__nrfx.a(nrfx_spim.c.obj)
 .text.spim_xfer
                0x000000000001501c       0xf0 modules/hal_nordic/nrfx/libmodules__hal_nordic__nrfx.a(nrfx_spim.c.obj)
 .text.nrfx_spim_init
                0x000000000001510c       0x70 modules/hal_nordic/nrfx/libmodules__hal_nordic__nrfx.a(nrfx_spim.c.obj)
                0x000000000001510c                nrfx_spim_init
 .text.nrfx_spim_uninit
                0x000000000001517c       0xc0 modules/hal_nordic/nrfx/libmodules__hal_nordic__nrfx.a(nrfx_spim.c.obj)
                0x000000000001517c                nrfx_spim_uninit
 .text.nrfx_spim_xfer
                0x000000000001523c       0x68 modules/hal_nordic/nrfx/libmodules__hal_nordic__nrfx.a(nrfx_spim.c.obj)
                0x000000000001523c                nrfx_spim_xfer
 .text.nrfx_spim_2_irq_handler
                0x00000000000152a4       0x14 modules/hal_nordic/nrfx/libmodules__hal_nordic__nrfx.a(nrfx_spim.c.obj)
                0x00000000000152a4                nrfx_spim_2_irq_handler
 .text.nrfx_spim_4_irq_handler
                0x00000000000152b8       0x14 modules/hal_nordic/nrfx/libmodules__hal_nordic__nrfx.a(nrfx_spim.c.obj)
                0x00000000000152b8                nrfx_spim_4_irq_handler
 .text.z_device_state_init
                0x00000000000152cc       0x18 zephyr/kernel/libkernel.a(device.c.obj)
                0x00000000000152cc                z_device_state_init
 .text.z_fatal_error
                0x00000000000152e4       0x2c zephyr/kernel/libkernel.a(fatal.c.obj)
                0x00000000000152e4                z_fatal_error
 .text.z_sys_init_run_level
                0x0000000000015310       0x34 zephyr/kernel/libkernel.a(init.c.obj)
 .text.init_idle_thread
                0x0000000000015344       0x54 zephyr/kernel/libkernel.a(init.c.obj)
 .text.thread_schedule_new
                0x0000000000015398       0x1c zephyr/kernel/libkernel.a(init.c.obj)
 .text.z_init_static_threads
                0x00000000000153b4       0x70 zephyr/kernel/libkernel.a(init.c.obj)
 .text.bg_thread_main
                0x0000000000015424       0x38 zephyr/kernel/libkernel.a(init.c.obj)
 .text.switch_to_main_thread
                0x000000000001545c       0x14 zephyr/kernel/libkernel.a(init.c.obj)
 .text.z_bss_zero
                0x0000000000015470       0x18 zephyr/kernel/libkernel.a(init.c.obj)
                0x0000000000015470                z_bss_zero
 .text.z_init_cpu
                0x0000000000015488       0x40 zephyr/kernel/libkernel.a(init.c.obj)
                0x0000000000015488                z_init_cpu
 .text.prepare_multithreading
                0x00000000000154c8       0x60 zephyr/kernel/libkernel.a(init.c.obj)
 .text.z_cstart
                0x0000000000015528       0x90 zephyr/kernel/libkernel.a(init.c.obj)
                0x0000000000015528                z_cstart
 .text.z_impl_k_mutex_lock
                0x00000000000155b8      0x100 zephyr/kernel/libkernel.a(mutex.c.obj)
                0x00000000000155b8                z_impl_k_mutex_lock
 .text.z_impl_k_mutex_unlock
                0x00000000000156b8       0x78 zephyr/kernel/libkernel.a(mutex.c.obj)
                0x00000000000156b8                z_impl_k_mutex_unlock
 .text.z_impl_k_sem_give
                0x0000000000015730       0x4c zephyr/kernel/libkernel.a(sem.c.obj)
                0x0000000000015730                z_impl_k_sem_give
 .text.z_impl_k_sem_take
                0x000000000001577c       0x50 zephyr/kernel/libkernel.a(sem.c.obj)
                0x000000000001577c                z_impl_k_sem_take
 .text.z_impl_k_sem_reset
                0x00000000000157cc       0x3c zephyr/kernel/libkernel.a(sem.c.obj)
                0x00000000000157cc                z_impl_k_sem_reset
 .text.thread_schedule_new
                0x0000000000015808       0x1c zephyr/kernel/libkernel.a(thread.c.obj)
 .text.z_setup_new_thread
                0x0000000000015824       0x60 zephyr/kernel/libkernel.a(thread.c.obj)
                0x0000000000015824                z_setup_new_thread
 .text.update_cache
                0x0000000000015884       0x4c zephyr/kernel/libkernel.a(sched.c.obj)
 .text.unready_thread
                0x00000000000158d0       0x38 zephyr/kernel/libkernel.a(sched.c.obj)
 .text.add_thread_timeout
                0x0000000000015908       0x20 zephyr/kernel/libkernel.a(sched.c.obj)
 .text.ready_thread
                0x0000000000015928       0x78 zephyr/kernel/libkernel.a(sched.c.obj)
 .text.halt_thread
                0x00000000000159a0       0xc8 zephyr/kernel/libkernel.a(sched.c.obj)
 .text.thread_halt_spin
                0x0000000000015a68       0x54 zephyr/kernel/libkernel.a(sched.c.obj)
 .text.z_thread_halt
                0x0000000000015abc       0x78 zephyr/kernel/libkernel.a(sched.c.obj)
 .text.move_thread_to_end_of_prio_q
                0x0000000000015b34       0x8c zephyr/kernel/libkernel.a(sched.c.obj)
                0x0000000000015b34                move_thread_to_end_of_prio_q
 .text.z_pend_curr
                0x0000000000015bc0       0x38 zephyr/kernel/libkernel.a(sched.c.obj)
                0x0000000000015bc0                z_pend_curr
 .text.z_thread_prio_set
                0x0000000000015bf8       0xb8 zephyr/kernel/libkernel.a(sched.c.obj)
                0x0000000000015bf8                z_thread_prio_set
 .text.z_reschedule
                0x0000000000015cb0       0x2c zephyr/kernel/libkernel.a(sched.c.obj)
                0x0000000000015cb0                z_reschedule
 .text.z_sched_start
                0x0000000000015cdc       0x3c zephyr/kernel/libkernel.a(sched.c.obj)
                0x0000000000015cdc                z_sched_start
 .text.z_reschedule_irqlock
                0x0000000000015d18       0x2c zephyr/kernel/libkernel.a(sched.c.obj)
                0x0000000000015d18                z_reschedule_irqlock
 .text.k_sched_lock
                0x0000000000015d44       0x30 zephyr/kernel/libkernel.a(sched.c.obj)
                0x0000000000015d44                k_sched_lock
 .text.k_sched_unlock
                0x0000000000015d74       0x3c zephyr/kernel/libkernel.a(sched.c.obj)
                0x0000000000015d74                k_sched_unlock
 .text.z_sched_init
                0x0000000000015db0       0x10 zephyr/kernel/libkernel.a(sched.c.obj)
                0x0000000000015db0                z_sched_init
 .text.z_impl_k_yield
                0x0000000000015dc0       0x90 zephyr/kernel/libkernel.a(sched.c.obj)
                0x0000000000015dc0                z_impl_k_yield
 .text.z_tick_sleep
                0x0000000000015e50       0x98 zephyr/kernel/libkernel.a(sched.c.obj)
 .text.z_impl_k_sleep
                0x0000000000015ee8       0x5c zephyr/kernel/libkernel.a(sched.c.obj)
                0x0000000000015ee8                z_impl_k_sleep
 .text.z_impl_k_sched_current_thread_query
                0x0000000000015f44        0xc zephyr/kernel/libkernel.a(sched.c.obj)
                0x0000000000015f44                z_impl_k_sched_current_thread_query
 .text.slice_timeout
                0x0000000000015f50       0x20 zephyr/kernel/libkernel.a(timeslicing.c.obj)
 .text.thread_is_sliceable
                0x0000000000015f70       0x4c zephyr/kernel/libkernel.a(timeslicing.c.obj)
                0x0000000000015f70                thread_is_sliceable
 .text.z_reset_time_slice
                0x0000000000015fbc       0x50 zephyr/kernel/libkernel.a(timeslicing.c.obj)
                0x0000000000015fbc                z_reset_time_slice
 .text.z_time_slice
                0x000000000001600c       0x70 zephyr/kernel/libkernel.a(timeslicing.c.obj)
                0x000000000001600c                z_time_slice
 .text.z_data_copy
                0x000000000001607c       0x34 zephyr/kernel/libkernel.a(xip.c.obj)
                0x000000000001607c                z_data_copy
 .text.first    0x00000000000160b0       0x14 zephyr/kernel/libkernel.a(timeout.c.obj)
 .text.next     0x00000000000160c4       0x18 zephyr/kernel/libkernel.a(timeout.c.obj)
 .text.elapsed  0x00000000000160dc       0x18 zephyr/kernel/libkernel.a(timeout.c.obj)
 .text.z_add_timeout
                0x00000000000160f4      0x10c zephyr/kernel/libkernel.a(timeout.c.obj)
                0x00000000000160f4                z_add_timeout
 .text.sys_clock_announce
                0x0000000000016200       0xc4 zephyr/kernel/libkernel.a(timeout.c.obj)
                0x0000000000016200                sys_clock_announce
 .text.sys_clock_tick_get
                0x00000000000162c4       0x40 zephyr/kernel/libkernel.a(timeout.c.obj)
                0x00000000000162c4                sys_clock_tick_get
 .text.k_thread_system_pool_assign
                0x0000000000016304        0xc zephyr/kernel/libkernel.a(mempool.c.obj)
                0x0000000000016304                k_thread_system_pool_assign
 .text.statics_init
                0x0000000000016310       0x24 zephyr/kernel/libkernel.a(kheap.c.obj)
 .text._OffsetAbsSyms
                0x0000000000016334        0x2 zephyr/CMakeFiles/offsets.dir/./arch/arm/core/offsets/offsets.c.obj
                0x0000000000016334                _OffsetAbsSyms
 .text.k_msleep
                0x0000000000016336       0x2c app/libapp.a(riverdi-demo.c.obj)
 .text.z_impl_gpio_pin_configure
                0x0000000000016362       0x50 app/libapp.a(platform.c.obj)
 .text.gpio_pin_set_raw
                0x00000000000163b2       0x20 app/libapp.a(platform.c.obj)
 .text.gpio_pin_set
                0x00000000000163d2       0x1a app/libapp.a(platform.c.obj)
 .text.spi_write
                0x00000000000163ec        0xc app/libapp.a(platform.c.obj)
 .text.k_msleep
                0x00000000000163f8       0x2c app/libapp.a(platform.c.obj)
 .text.platform_sleep_ms
                0x0000000000016424        0x8 app/libapp.a(platform.c.obj)
                0x0000000000016424                platform_sleep_ms
 .text.Gpu_Hal_Init
                0x000000000001642c        0xa app/libapp.a(Gpu_Hal.c.obj)
                0x000000000001642c                Gpu_Hal_Init
 .text.Gpu_Hal_Open
                0x0000000000016436       0x42 app/libapp.a(Gpu_Hal.c.obj)
                0x0000000000016436                Gpu_Hal_Open
 .text.Gpu_Hal_StartTransfer
                0x0000000000016478       0x6a app/libapp.a(Gpu_Hal.c.obj)
                0x0000000000016478                Gpu_Hal_StartTransfer
 .text.Gpu_Hal_StartCmdTransfer
                0x00000000000164e2        0xe app/libapp.a(Gpu_Hal.c.obj)
                0x00000000000164e2                Gpu_Hal_StartCmdTransfer
 .text.Gpu_Hal_Transfer8
                0x00000000000164f0        0xa app/libapp.a(Gpu_Hal.c.obj)
                0x00000000000164f0                Gpu_Hal_Transfer8
 .text.Gpu_Hal_Transfer16
                0x00000000000164fa       0x36 app/libapp.a(Gpu_Hal.c.obj)
                0x00000000000164fa                Gpu_Hal_Transfer16
 .text.Gpu_Hal_Transfer32
                0x0000000000016530       0x34 app/libapp.a(Gpu_Hal.c.obj)
                0x0000000000016530                Gpu_Hal_Transfer32
 .text.Gpu_Hal_EndTransfer
                0x0000000000016564       0x12 app/libapp.a(Gpu_Hal.c.obj)
                0x0000000000016564                Gpu_Hal_EndTransfer
 .text.Gpu_Hal_Rd8
                0x0000000000016576       0x20 app/libapp.a(Gpu_Hal.c.obj)
                0x0000000000016576                Gpu_Hal_Rd8
 .text.Gpu_Hal_Rd16
                0x0000000000016596       0x20 app/libapp.a(Gpu_Hal.c.obj)
                0x0000000000016596                Gpu_Hal_Rd16
 .text.Gpu_Hal_Rd32
                0x00000000000165b6       0x20 app/libapp.a(Gpu_Hal.c.obj)
                0x00000000000165b6                Gpu_Hal_Rd32
 .text.Gpu_Hal_Wr8
                0x00000000000165d6       0x1e app/libapp.a(Gpu_Hal.c.obj)
                0x00000000000165d6                Gpu_Hal_Wr8
 .text.Gpu_Hal_Wr16
                0x00000000000165f4       0x1e app/libapp.a(Gpu_Hal.c.obj)
                0x00000000000165f4                Gpu_Hal_Wr16
 .text.Gpu_Hal_Wr32
                0x0000000000016612       0x1e app/libapp.a(Gpu_Hal.c.obj)
                0x0000000000016612                Gpu_Hal_Wr32
 .text.Gpu_HostCommand
                0x0000000000016630       0x34 app/libapp.a(Gpu_Hal.c.obj)
                0x0000000000016630                Gpu_HostCommand
 .text.Gpu_Hal_Sleep
                0x0000000000016664        0x8 app/libapp.a(Gpu_Hal.c.obj)
                0x0000000000016664                Gpu_Hal_Sleep
 .text.Gpu_Hal_Powercycle
                0x000000000001666c       0x46 app/libapp.a(Gpu_Hal.c.obj)
                0x000000000001666c                Gpu_Hal_Powercycle
 .text.Gpu_Hal_WrMem
                0x00000000000166b2       0x2c app/libapp.a(Gpu_Hal.c.obj)
                0x00000000000166b2                Gpu_Hal_WrMem
 .text.Gpu_Hal_RdMem
                0x00000000000166de       0x2e app/libapp.a(Gpu_Hal.c.obj)
                0x00000000000166de                Gpu_Hal_RdMem
 .text.Gpu_Hal_CheckCmdBuffer
                0x000000000001670c       0x12 app/libapp.a(Gpu_Hal.c.obj)
                0x000000000001670c                Gpu_Hal_CheckCmdBuffer
 .text.Gpu_Hal_WrCmdBuf
                0x000000000001671e       0x58 app/libapp.a(Gpu_Hal.c.obj)
                0x000000000001671e                Gpu_Hal_WrCmdBuf
 .text.Gpu_Hal_WrCmdBuf_nowait
                0x0000000000016776       0x52 app/libapp.a(Gpu_Hal.c.obj)
                0x0000000000016776                Gpu_Hal_WrCmdBuf_nowait
 .text.Gpu_Hal_WrCmd32
                0x00000000000167c8       0x24 app/libapp.a(Gpu_Hal.c.obj)
                0x00000000000167c8                Gpu_Hal_WrCmd32
 .text.Gpu_Copro_SendCmd
                0x00000000000167ec        0x8 app/libapp.a(CoPro_Cmds.c.obj)
                0x00000000000167ec                Gpu_Copro_SendCmd
 .text.Gpu_CoCmd_LoadIdentity
                0x00000000000167f4        0xc app/libapp.a(CoPro_Cmds.c.obj)
                0x00000000000167f4                Gpu_CoCmd_LoadIdentity
 .text.Gpu_CoCmd_Translate
                0x0000000000016800       0x22 app/libapp.a(CoPro_Cmds.c.obj)
                0x0000000000016800                Gpu_CoCmd_Translate
 .text.Gpu_CoCmd_Rotate
                0x0000000000016822       0x18 app/libapp.a(CoPro_Cmds.c.obj)
                0x0000000000016822                Gpu_CoCmd_Rotate
 .text.Gpu_CoCmd_Scale
                0x000000000001683a       0x22 app/libapp.a(CoPro_Cmds.c.obj)
                0x000000000001683a                Gpu_CoCmd_Scale
 .text.Gpu_CoCmd_SetMatrix
                0x000000000001685c        0xc app/libapp.a(CoPro_Cmds.c.obj)
                0x000000000001685c                Gpu_CoCmd_SetMatrix
 .text.Gpu_CoCmd_Dlstart
                0x0000000000016868        0xc app/libapp.a(CoPro_Cmds.c.obj)
                0x0000000000016868                Gpu_CoCmd_Dlstart
 .text.tween    0x0000000000016874       0x34 app/libapp.a(App_Common.c.obj)
 .text.set_chunk_used
                0x00000000000168a8       0x38 zephyr/libzephyr.a(heap.c.obj)
 .text.free_list_add_bidx
                0x00000000000168e0       0xa4 zephyr/libzephyr.a(heap.c.obj)
 .text.free_list_add
                0x0000000000016984       0x52 zephyr/libzephyr.a(heap.c.obj)
 .text.sys_heap_init
                0x00000000000169d6       0xfc zephyr/libzephyr.a(heap.c.obj)
                0x00000000000169d6                sys_heap_init
 .text.arch_printk_char_out
                0x0000000000016ad2        0x4 zephyr/libzephyr.a(printk.c.obj)
                0x0000000000016ad2                arch_printk_char_out
 .text.printk   0x0000000000016ad6       0x1c zephyr/libzephyr.a(printk.c.obj)
                0x0000000000016ad6                printk
 .text.z_thread_entry
                0x0000000000016af2       0x14 zephyr/libzephyr.a(thread_entry.c.obj)
                0x0000000000016af2                z_thread_entry
 .text.extract_width
                0x0000000000016b06       0x5e zephyr/libzephyr.a(cbprintf_complete.c.obj)
 .text.extract_prec
                0x0000000000016b64       0x64 zephyr/libzephyr.a(cbprintf_complete.c.obj)
 .text.extract_length
                0x0000000000016bc8       0xce zephyr/libzephyr.a(cbprintf_complete.c.obj)
 .text.extract_specifier
                0x0000000000016c96      0x17a zephyr/libzephyr.a(cbprintf_complete.c.obj)
 .text.extract_conversion
                0x0000000000016e10       0x44 zephyr/libzephyr.a(cbprintf_complete.c.obj)
 .text._ldiv5   0x0000000000016e54       0x38 zephyr/libzephyr.a(cbprintf_complete.c.obj)
 .text._ldiv10  0x0000000000016e8c       0x18 zephyr/libzephyr.a(cbprintf_complete.c.obj)
 .text._get_digit
                0x0000000000016ea4       0x3c zephyr/libzephyr.a(cbprintf_complete.c.obj)
 .text.conversion_radix
                0x0000000000016ee0       0x2a zephyr/libzephyr.a(cbprintf_complete.c.obj)
 .text.store_count
                0x0000000000016f0a       0x3e zephyr/libzephyr.a(cbprintf_complete.c.obj)
 .text.outs     0x0000000000016f48       0x30 zephyr/libzephyr.a(cbprintf_complete.c.obj)
 .text.set_state
                0x0000000000016f78       0x10 zephyr/libzephyr.a(onoff.c.obj)
 .text.notify_monitors
                0x0000000000016f88       0x44 zephyr/libzephyr.a(onoff.c.obj)
 .text.process_recheck
                0x0000000000016fcc       0x32 zephyr/libzephyr.a(onoff.c.obj)
 .text.process_complete
                0x0000000000016ffe       0xa2 zephyr/libzephyr.a(onoff.c.obj)
 .text.validate_args
                0x00000000000170a0       0x2a zephyr/libzephyr.a(onoff.c.obj)
 .text.notify_one
                0x00000000000170ca       0x26 zephyr/libzephyr.a(onoff.c.obj)
 .text.notify_all
                0x00000000000170f0       0x2e zephyr/libzephyr.a(onoff.c.obj)
 .text.transition_complete
                0x000000000001711e       0x1c zephyr/libzephyr.a(onoff.c.obj)
 .text.onoff_manager_init
                0x000000000001713a       0x3a zephyr/libzephyr.a(onoff.c.obj)
                0x000000000001713a                onoff_manager_init
 .text.onoff_request
                0x0000000000017174       0xbe zephyr/libzephyr.a(onoff.c.obj)
                0x0000000000017174                onoff_request
 .text.sys_notify_validate
                0x0000000000017232       0x2e zephyr/libzephyr.a(notify.c.obj)
                0x0000000000017232                sys_notify_validate
 .text.sys_notify_finalize
                0x0000000000017260       0x1a zephyr/libzephyr.a(notify.c.obj)
                0x0000000000017260                sys_notify_finalize
 .text._ConfigAbsSyms
                0x000000000001727a        0x2 zephyr/libzephyr.a(configs.c.obj)
                0x000000000001727a                _ConfigAbsSyms
 .text.z_arm_fatal_error
                0x000000000001727c       0x12 zephyr/arch/arch/arm/core/libarch__arm__core.a(fatal.c.obj)
                0x000000000001727c                z_arm_fatal_error
 .text.z_do_kernel_oops
                0x000000000001728e        0xc zephyr/arch/arch/arm/core/libarch__arm__core.a(fatal.c.obj)
                0x000000000001728e                z_do_kernel_oops
 .text.z_arm_nmi
                0x000000000001729a        0xc zephyr/arch/arch/arm/core/libarch__arm__core.a(nmi.c.obj)
                0x000000000001729a                z_arm_nmi
 .text.memory_fault_recoverable
                0x00000000000172a6        0x4 zephyr/arch/arch/arm/core/cortex_m/libarch__arm__core__cortex_m.a(fault.c.obj)
 .text.debug_monitor
                0x00000000000172aa        0x6 zephyr/arch/arch/arm/core/cortex_m/libarch__arm__core__cortex_m.a(fault.c.obj)
 .text.fault_handle
                0x00000000000172b0       0x46 zephyr/arch/arch/arm/core/cortex_m/libarch__arm__core__cortex_m.a(fault.c.obj)
 .text.get_esf  0x00000000000172f6       0x52 zephyr/arch/arch/arm/core/cortex_m/libarch__arm__core__cortex_m.a(fault.c.obj)
 .text.z_arm_save_fp_context
                0x0000000000017348        0x2 zephyr/arch/arch/arm/core/cortex_m/libarch__arm__core__cortex_m.a(fpu.c.obj)
                0x0000000000017348                z_arm_save_fp_context
 .text.z_arm_restore_fp_context
                0x000000000001734a        0x2 zephyr/arch/arch/arm/core/cortex_m/libarch__arm__core__cortex_m.a(fpu.c.obj)
                0x000000000001734a                z_arm_restore_fp_context
 .text.arch_irq_enable
                0x000000000001734c        0xa zephyr/arch/arch/arm/core/cortex_m/libarch__arm__core__cortex_m.a(irq_manage.c.obj)
                0x000000000001734c                arch_irq_enable
 .text.arch_irq_disable
                0x0000000000017356        0xa zephyr/arch/arch/arm/core/cortex_m/libarch__arm__core__cortex_m.a(irq_manage.c.obj)
                0x0000000000017356                arch_irq_disable
 .text.z_arm_irq_priority_set
                0x0000000000017360        0xc zephyr/arch/arch/arm/core/cortex_m/libarch__arm__core__cortex_m.a(irq_manage.c.obj)
                0x0000000000017360                z_arm_irq_priority_set
 .text.z_irq_spurious
                0x000000000001736c        0xc zephyr/arch/arch/arm/core/cortex_m/libarch__arm__core__cortex_m.a(irq_manage.c.obj)
                0x000000000001736c                z_irq_spurious
 .text.configure_builtin_stack_guard
                0x0000000000017378        0x8 zephyr/arch/arch/arm/core/cortex_m/libarch__arm__core__cortex_m.a(thread.c.obj)
                0x0000000000017378                configure_builtin_stack_guard
 .text.arch_irq_unlock_outlined
                0x0000000000017380        0xe zephyr/arch/arch/arm/core/cortex_m/libarch__arm__core__cortex_m.a(thread.c.obj)
                0x0000000000017380                arch_irq_unlock_outlined
 .text.arch_cpu_idle
                0x000000000001738e       0x32 zephyr/arch/arch/arm/core/cortex_m/libarch__arm__core__cortex_m.a(cpu_idle.c.obj)
                0x000000000001738e                arch_cpu_idle
 .text.arch_cpu_atomic_idle
                0x00000000000173c0       0x38 zephyr/arch/arch/arm/core/cortex_m/libarch__arm__core__cortex_m.a(cpu_idle.c.obj)
                0x00000000000173c0                arch_cpu_atomic_idle
 .text.arm_cmse_mpu_region_get
                0x00000000000173f8       0x14 zephyr/arch/arch/arm/core/cortex_m/cmse/libarch__arm__core__cortex_m__cmse.a(arm_core_cmse.c.obj)
                0x00000000000173f8                arm_cmse_mpu_region_get
 .text.region_init
                0x000000000001740c       0x28 zephyr/arch/arch/arm/core/mpu/libarch__arm__core__mpu.a(arm_mpu.c.obj)
 .text.mpu_partition_is_valid
                0x0000000000017434       0x24 zephyr/arch/arch/arm/core/mpu/libarch__arm__core__mpu.a(arm_mpu.c.obj)
 .text.mpu_configure_region
                0x0000000000017458       0x44 zephyr/arch/arch/arm/core/mpu/libarch__arm__core__mpu.a(arm_mpu.c.obj)
 .text.get_region_index
                0x000000000001749c       0x22 zephyr/arch/arch/arm/core/mpu/libarch__arm__core__mpu.a(arm_mpu.c.obj)
 .text.mpu_configure_regions_from_dt
                0x00000000000174be       0xec zephyr/arch/arch/arm/core/mpu/libarch__arm__core__mpu.a(arm_mpu.c.obj)
 .text.arm_core_mpu_configure_static_mpu_regions
                0x00000000000175aa        0x8 zephyr/arch/arch/arm/core/mpu/libarch__arm__core__mpu.a(arm_mpu.c.obj)
                0x00000000000175aa                arm_core_mpu_configure_static_mpu_regions
 .text.arm_core_mpu_mark_areas_for_dynamic_regions
                0x00000000000175b2        0x8 zephyr/arch/arch/arm/core/mpu/libarch__arm__core__mpu.a(arm_mpu.c.obj)
                0x00000000000175b2                arm_core_mpu_mark_areas_for_dynamic_regions
 .text.malloc_prepare
                0x00000000000175ba        0x4 zephyr/lib/libc/newlib/liblib__libc__newlib.a(libc-hooks.c.obj)
 .text._stdout_hook_default
                0x00000000000175be        0x6 zephyr/lib/libc/newlib/liblib__libc__newlib.a(libc-hooks.c.obj)
 .text.rtc_pretick_init
                0x00000000000175c4        0x8 zephyr/soc/soc/nrf5340/libsoc__nordic.a(soc.c.obj)
 .text.z_arm_on_enter_cpu_idle
                0x00000000000175cc        0x8 zephyr/soc/soc/nrf5340/libsoc__nordic.a(soc.c.obj)
                0x00000000000175cc                z_arm_on_enter_cpu_idle
 .text.arch_busy_wait
                0x00000000000175d4        0x8 zephyr/soc/soc/nrf5340/libsoc__nordic.a(soc.c.obj)
                0x00000000000175d4                arch_busy_wait
 .text.nrf_reset_network_force_off
                0x00000000000175dc       0x46 zephyr/soc/soc/nrf5340/libsoc__nordic.a(nrf53_cpunet_mgmt.c.obj)
 .text.soc_secure_gpio_pin_mcu_select
                0x0000000000017622       0x10 zephyr/soc/soc/nrf5340/libsoc__nordic.a(soc_secure.c.obj)
                0x0000000000017622                soc_secure_gpio_pin_mcu_select
 .text.nrf_clock_is_running
                0x0000000000017632       0x5e zephyr/drivers/clock_control/libdrivers__clock_control.a(clock_control_nrf.c.obj)
 .text.get_sub_data
                0x0000000000017690        0xe zephyr/drivers/clock_control/libdrivers__clock_control.a(clock_control_nrf.c.obj)
 .text.get_sub_config
                0x000000000001769e        0x8 zephyr/drivers/clock_control/libdrivers__clock_control.a(clock_control_nrf.c.obj)
 .text.get_onoff_manager
                0x00000000000176a6        0xc zephyr/drivers/clock_control/libdrivers__clock_control.a(clock_control_nrf.c.obj)
 .text.get_status
                0x00000000000176b2       0x10 zephyr/drivers/clock_control/libdrivers__clock_control.a(clock_control_nrf.c.obj)
 .text.set_off_state
                0x00000000000176c2       0x30 zephyr/drivers/clock_control/libdrivers__clock_control.a(clock_control_nrf.c.obj)
 .text.set_starting_state
                0x00000000000176f2       0x3a zephyr/drivers/clock_control/libdrivers__clock_control.a(clock_control_nrf.c.obj)
 .text.set_on_state
                0x000000000001772c       0x24 zephyr/drivers/clock_control/libdrivers__clock_control.a(clock_control_nrf.c.obj)
 .text.clkstarted_handle
                0x0000000000017750       0x24 zephyr/drivers/clock_control/libdrivers__clock_control.a(clock_control_nrf.c.obj)
 .text.stop     0x0000000000017774       0x2a zephyr/drivers/clock_control/libdrivers__clock_control.a(clock_control_nrf.c.obj)
 .text.api_stop
                0x000000000001779e        0xa zephyr/drivers/clock_control/libdrivers__clock_control.a(clock_control_nrf.c.obj)
 .text.async_start
                0x00000000000177a8       0x38 zephyr/drivers/clock_control/libdrivers__clock_control.a(clock_control_nrf.c.obj)
 .text.api_start
                0x00000000000177e0       0x10 zephyr/drivers/clock_control/libdrivers__clock_control.a(clock_control_nrf.c.obj)
 .text.onoff_started_callback
                0x00000000000177f0       0x10 zephyr/drivers/clock_control/libdrivers__clock_control.a(clock_control_nrf.c.obj)
 .text.hfclk_start
                0x0000000000017800        0xa zephyr/drivers/clock_control/libdrivers__clock_control.a(clock_control_nrf.c.obj)
 .text.hfclkaudio_start
                0x000000000001780a        0xa zephyr/drivers/clock_control/libdrivers__clock_control.a(clock_control_nrf.c.obj)
 .text.hfclk192m_start
                0x0000000000017814        0xa zephyr/drivers/clock_control/libdrivers__clock_control.a(clock_control_nrf.c.obj)
 .text.lfclk_start
                0x000000000001781e        0xa zephyr/drivers/clock_control/libdrivers__clock_control.a(clock_control_nrf.c.obj)
 .text.hfclk_stop
                0x0000000000017828        0xa zephyr/drivers/clock_control/libdrivers__clock_control.a(clock_control_nrf.c.obj)
 .text.hfclkaudio_stop
                0x0000000000017832        0xa zephyr/drivers/clock_control/libdrivers__clock_control.a(clock_control_nrf.c.obj)
 .text.hfclk192m_stop
                0x000000000001783c        0xa zephyr/drivers/clock_control/libdrivers__clock_control.a(clock_control_nrf.c.obj)
 .text.lfclk_stop
                0x0000000000017846        0xa zephyr/drivers/clock_control/libdrivers__clock_control.a(clock_control_nrf.c.obj)
 .text.k_msleep
                0x0000000000017850       0x2c zephyr/drivers/clock_control/libdrivers__clock_control.a(clock_control_nrf.c.obj)
 .text.blocking_start_callback
                0x000000000001787c        0xa zephyr/drivers/clock_control/libdrivers__clock_control.a(clock_control_nrf.c.obj)
 .text.sys_slist_remove
                0x0000000000017886       0x26 zephyr/drivers/gpio/libdrivers__gpio.a(gpio_nrfx.c.obj)
 .text.sys_slist_find_and_remove
                0x00000000000178ac       0x20 zephyr/drivers/gpio/libdrivers__gpio.a(gpio_nrfx.c.obj)
 .text.gpio_manage_callback
                0x00000000000178cc       0x3e zephyr/drivers/gpio/libdrivers__gpio.a(gpio_nrfx.c.obj)
 .text.gpio_fire_callbacks
                0x000000000001790a       0x40 zephyr/drivers/gpio/libdrivers__gpio.a(gpio_nrfx.c.obj)
 .text.has_gpiote
                0x000000000001794a        0xa zephyr/drivers/gpio/libdrivers__gpio.a(gpio_nrfx.c.obj)
 .text.get_pull
                0x0000000000017954       0x18 zephyr/drivers/gpio/libdrivers__gpio.a(gpio_nrfx.c.obj)
 .text.gpio_nrfx_gpd_retain_set
                0x000000000001796c        0x4 zephyr/drivers/gpio/libdrivers__gpio.a(gpio_nrfx.c.obj)
 .text.gpio_nrfx_gpd_retain_clear
                0x0000000000017970        0x4 zephyr/drivers/gpio/libdrivers__gpio.a(gpio_nrfx.c.obj)
 .text.gpio_nrfx_port_get_raw
                0x0000000000017974        0xc zephyr/drivers/gpio/libdrivers__gpio.a(gpio_nrfx.c.obj)
 .text.gpio_nrfx_port_set_masked_raw
                0x0000000000017980       0x32 zephyr/drivers/gpio/libdrivers__gpio.a(gpio_nrfx.c.obj)
 .text.gpio_nrfx_port_set_bits_raw
                0x00000000000179b2       0x22 zephyr/drivers/gpio/libdrivers__gpio.a(gpio_nrfx.c.obj)
 .text.gpio_nrfx_port_clear_bits_raw
                0x00000000000179d4       0x22 zephyr/drivers/gpio/libdrivers__gpio.a(gpio_nrfx.c.obj)
 .text.gpio_nrfx_port_toggle_bits
                0x00000000000179f6       0x32 zephyr/drivers/gpio/libdrivers__gpio.a(gpio_nrfx.c.obj)
 .text.get_trigger
                0x0000000000017a28       0x2c zephyr/drivers/gpio/libdrivers__gpio.a(gpio_nrfx.c.obj)
 .text.gpio_nrfx_manage_callback
                0x0000000000017a54        0xc zephyr/drivers/gpio/libdrivers__gpio.a(gpio_nrfx.c.obj)
 .text.nrfx_gpio_handler
                0x0000000000017a60       0x1e zephyr/drivers/gpio/libdrivers__gpio.a(gpio_nrfx.c.obj)
 .text.pinctrl_lookup_state
                0x0000000000017a7e       0x32 zephyr/drivers/pinctrl/libdrivers__pinctrl.a(common.c.obj)
                0x0000000000017a7e                pinctrl_lookup_state
 .text.nrf_gpio_pin_write
                0x0000000000017ab0       0x10 zephyr/drivers/pinctrl/libdrivers__pinctrl.a(pinctrl_nrf.c.obj)
 .text.pm_device_driver_init
                0x0000000000017ac0       0x24 zephyr/drivers/serial/libdrivers__serial.a(uart_nrfx_uarte.c.obj)
 .text.endtx_isr
                0x0000000000017ae4       0x30 zephyr/drivers/serial/libdrivers__serial.a(uart_nrfx_uarte.c.obj)
 .text.uarte_nrfx_isr_int
                0x0000000000017b14       0x22 zephyr/drivers/serial/libdrivers__serial.a(uart_nrfx_uarte.c.obj)
 .text.uarte_nrfx_err_check
                0x0000000000017b36        0xe zephyr/drivers/serial/libdrivers__serial.a(uart_nrfx_uarte.c.obj)
 .text.is_tx_ready
                0x0000000000017b44       0x28 zephyr/drivers/serial/libdrivers__serial.a(uart_nrfx_uarte.c.obj)
 .text.uarte_periph_enable
                0x0000000000017b6c       0x26 zephyr/drivers/serial/libdrivers__serial.a(uart_nrfx_uarte.c.obj)
 .text.tx_start
                0x0000000000017b92       0x24 zephyr/drivers/serial/libdrivers__serial.a(uart_nrfx_uarte.c.obj)
 .text.uarte_nrfx_poll_in
                0x0000000000017bb6       0x26 zephyr/drivers/serial/libdrivers__serial.a(uart_nrfx_uarte.c.obj)
 .text.k_msleep
                0x0000000000017bdc       0x2c zephyr/drivers/serial/libdrivers__serial.a(uart_nrfx_uarte.c.obj)
 .text.wait_tx_ready
                0x0000000000017c08       0x4a zephyr/drivers/serial/libdrivers__serial.a(uart_nrfx_uarte.c.obj)
 .text.pinctrl_apply_state
                0x0000000000017c52       0x20 zephyr/drivers/serial/libdrivers__serial.a(uart_nrfx_uarte.c.obj)
 .text.uarte_pm_resume
                0x0000000000017c72       0x16 zephyr/drivers/serial/libdrivers__serial.a(uart_nrfx_uarte.c.obj)
 .text.uarte_nrfx_pm_action
                0x0000000000017c88       0x14 zephyr/drivers/serial/libdrivers__serial.a(uart_nrfx_uarte.c.obj)
 .text.uarte_tx_path_init
                0x0000000000017c9c       0x66 zephyr/drivers/serial/libdrivers__serial.a(uart_nrfx_uarte.c.obj)
 .text.uarte_0_init
                0x0000000000017d02       0x1e zephyr/drivers/serial/libdrivers__serial.a(uart_nrfx_uarte.c.obj)
 .text.z_impl_gpio_pin_configure
                0x0000000000017d20       0x50 zephyr/drivers/spi/libdrivers__spi.a(spi_nrfx_spim.c.obj)
 .text.gpio_pin_configure_dt
                0x0000000000017d70       0x16 zephyr/drivers/spi/libdrivers__spi.a(spi_nrfx_spim.c.obj)
 .text.gpio_pin_set_raw
                0x0000000000017d86       0x20 zephyr/drivers/spi/libdrivers__spi.a(spi_nrfx_spim.c.obj)
 .text.gpio_pin_set
                0x0000000000017da6       0x1a zephyr/drivers/spi/libdrivers__spi.a(spi_nrfx_spim.c.obj)
 .text.pm_device_driver_init
                0x0000000000017dc0       0x24 zephyr/drivers/spi/libdrivers__spi.a(spi_nrfx_spim.c.obj)
 .text.nrf_gpio_pin_write
                0x0000000000017de4       0x10 zephyr/drivers/spi/libdrivers__spi.a(spi_nrfx_spim.c.obj)
 .text.spi_context_get_next_buf
                0x0000000000017df4       0x2e zephyr/drivers/spi/libdrivers__spi.a(spi_nrfx_spim.c.obj)
 .text.spi_context_buffers_setup
                0x0000000000017e22       0x60 zephyr/drivers/spi/libdrivers__spi.a(spi_nrfx_spim.c.obj)
 .text._spi_context_cs_control
                0x0000000000017e82       0x40 zephyr/drivers/spi/libdrivers__spi.a(spi_nrfx_spim.c.obj)
 .text.spi_context_unlock_unconditionally
                0x0000000000017ec2       0x1e zephyr/drivers/spi/libdrivers__spi.a(spi_nrfx_spim.c.obj)
 .text.spi_nrfx_release
                0x0000000000017ee0       0x24 zephyr/drivers/spi/libdrivers__spi.a(spi_nrfx_spim.c.obj)
 .text.finish_transaction
                0x0000000000017f04       0x20 zephyr/drivers/spi/libdrivers__spi.a(spi_nrfx_spim.c.obj)
 .text.spi_context_release
                0x0000000000017f24       0x1a zephyr/drivers/spi/libdrivers__spi.a(spi_nrfx_spim.c.obj)
 .text.spi_context_lock
                0x0000000000017f3e       0x2c zephyr/drivers/spi/libdrivers__spi.a(spi_nrfx_spim.c.obj)
 .text.spi_context_wait_for_completion
                0x0000000000017f6a       0x80 zephyr/drivers/spi/libdrivers__spi.a(spi_nrfx_spim.c.obj)
 .text.event_handler
                0x0000000000017fea       0xac zephyr/drivers/spi/libdrivers__spi.a(spi_nrfx_spim.c.obj)
 .text.transceive
                0x0000000000018096       0xb4 zephyr/drivers/spi/libdrivers__spi.a(spi_nrfx_spim.c.obj)
 .text.spi_nrfx_transceive
                0x000000000001814a       0x14 zephyr/drivers/spi/libdrivers__spi.a(spi_nrfx_spim.c.obj)
 .text.irq_connect2
                0x000000000001815e        0xe zephyr/drivers/spi/libdrivers__spi.a(spi_nrfx_spim.c.obj)
 .text.irq_connect4
                0x000000000001816c        0xe zephyr/drivers/spi/libdrivers__spi.a(spi_nrfx_spim.c.obj)
 .text.pinctrl_apply_state
                0x000000000001817a       0x20 zephyr/drivers/spi/libdrivers__spi.a(spi_nrfx_spim.c.obj)
 .text.spim_nrfx_pm_action
                0x000000000001819a       0x42 zephyr/drivers/spi/libdrivers__spi.a(spi_nrfx_spim.c.obj)
 .text.spi_context_cs_configure_all
                0x00000000000181dc       0x38 zephyr/drivers/spi/libdrivers__spi.a(spi_nrfx_spim.c.obj)
 .text.nrf_gpio_cfg_input
                0x0000000000018214       0x18 zephyr/drivers/spi/libdrivers__spi.a(spi_nrfx_common.c.obj)
 .text.spi_nrfx_wake_request
                0x000000000001822c       0x50 zephyr/drivers/spi/libdrivers__spi.a(spi_nrfx_common.c.obj)
                0x000000000001822c                spi_nrfx_wake_request
 .text.__nrfy_internal_rtc_event_handle
                0x000000000001827c       0x3a zephyr/drivers/timer/libdrivers__timer.a(nrf_rtc_timer.c.obj)
 .text.__nrfy_internal_rtc_events_process
                0x00000000000182b6       0x6c zephyr/drivers/timer/libdrivers__timer.a(nrf_rtc_timer.c.obj)
 .text.counter_sub
                0x0000000000018322        0x8 zephyr/drivers/timer/libdrivers__timer.a(nrf_rtc_timer.c.obj)
 .text.event_check
                0x000000000001832a       0x1a zephyr/drivers/timer/libdrivers__timer.a(nrf_rtc_timer.c.obj)
 .text.event_clear
                0x0000000000018344       0x18 zephyr/drivers/timer/libdrivers__timer.a(nrf_rtc_timer.c.obj)
 .text.absolute_time_to_cc
                0x000000000001835c        0x6 zephyr/drivers/timer/libdrivers__timer.a(nrf_rtc_timer.c.obj)
 .text.full_int_lock
                0x0000000000018362       0x10 zephyr/drivers/timer/libdrivers__timer.a(nrf_rtc_timer.c.obj)
 .text.full_int_unlock
                0x0000000000018372        0xa zephyr/drivers/timer/libdrivers__timer.a(nrf_rtc_timer.c.obj)
 .text.compare_set
                0x000000000001837c       0x38 zephyr/drivers/timer/libdrivers__timer.a(nrf_rtc_timer.c.obj)
 .text.sys_clock_cycle_get_32
                0x00000000000183b4        0x8 zephyr/drivers/timer/libdrivers__timer.a(nrf_rtc_timer.c.obj)
                0x00000000000183b4                sys_clock_cycle_get_32
 .text.spu_fault
                0x00000000000183bc        0x4 modules/nrf/modules/trusted-firmware-m/lib..__nrf__modules__trusted-firmware-m.a(fault.c.obj)
 .text.fault_handle
                0x00000000000183c0       0x24 modules/nrf/modules/trusted-firmware-m/lib..__nrf__modules__trusted-firmware-m.a(fault.c.obj)
 .text.status2err
                0x00000000000183e4       0x28 modules/nrf/modules/trusted-firmware-m/libtfm_api_nrf.a(tfm_ioctl_ns_api.c.obj)
 .text.tfm_platform_ns_fault_set_handler
                0x000000000001840c       0x2e modules/nrf/modules/trusted-firmware-m/libtfm_api_nrf.a(tfm_ioctl_ns_api.c.obj)
                0x000000000001840c                tfm_platform_ns_fault_set_handler
 .text.ns_interface_init
                0x000000000001843a        0x4 modules/trusted-firmware-m/libtfm_api.a(interface.c.obj)
 .text.tfm_platform_gpio_pin_mcu_select
                0x000000000001843e       0x30 modules/trusted-firmware-m/libtfm_api.a(tfm_ioctl_core_ns_api.c.obj)
                0x000000000001843e                tfm_platform_gpio_pin_mcu_select
 .text.SystemInit
                0x000000000001846e        0x2 modules/hal_nordic/nrfx/libmodules__hal_nordic__nrfx.a(system_nrf5340_application.c.obj)
                0x000000000001846e                SystemInit
 .text.nrfx_isr
                0x0000000000018470        0x6 modules/hal_nordic/nrfx/libmodules__hal_nordic__nrfx.a(nrfx_glue.c.obj)
                0x0000000000018470                nrfx_isr
 .text.nrfx_busy_wait
                0x0000000000018476        0x8 modules/hal_nordic/nrfx/libmodules__hal_nordic__nrfx.a(nrfx_glue.c.obj)
                0x0000000000018476                nrfx_busy_wait
 .text.nrfx_gppi_event_endpoint_setup
                0x000000000001847e        0xa modules/hal_nordic/nrfx/libmodules__hal_nordic__nrfx.a(nrfx_gppi_dppi.c.obj)
                0x000000000001847e                nrfx_gppi_event_endpoint_setup
 .text.nrfx_gppi_task_endpoint_setup
                0x0000000000018488        0xa modules/hal_nordic/nrfx/libmodules__hal_nordic__nrfx.a(nrfx_gppi_dppi.c.obj)
                0x0000000000018488                nrfx_gppi_task_endpoint_setup
 .text.nrfx_gppi_channel_endpoints_setup
                0x0000000000018492       0x14 modules/hal_nordic/nrfx/libmodules__hal_nordic__nrfx.a(nrfx_gppi_dppi.c.obj)
                0x0000000000018492                nrfx_gppi_channel_endpoints_setup
 .text.nrfx_gppi_channel_alloc
                0x00000000000184a6        0x8 modules/hal_nordic/nrfx/libmodules__hal_nordic__nrfx.a(nrfx_gppi_dppi.c.obj)
                0x00000000000184a6                nrfx_gppi_channel_alloc
 .text.nrf_clock_is_running
                0x00000000000184ae       0x5e modules/hal_nordic/nrfx/libmodules__hal_nordic__nrfx.a(nrfx_clock.c.obj)
 .text.clock_initial_lfclksrc_get
                0x000000000001850c        0x4 modules/hal_nordic/nrfx/libmodules__hal_nordic__nrfx.a(nrfx_clock.c.obj)
 .text.nrfx_power_clock_irq_init
                0x0000000000018510       0x14 modules/hal_nordic/nrfx/libmodules__hal_nordic__nrfx.a(nrfx_clock.c.obj)
 .text.clock_lfclksrc_tweak
                0x0000000000018524       0x2a modules/hal_nordic/nrfx/libmodules__hal_nordic__nrfx.a(nrfx_clock.c.obj)
 .text.nrfx_clock_stop
                0x000000000001854e        0x8 modules/hal_nordic/nrfx/libmodules__hal_nordic__nrfx.a(nrfx_clock.c.obj)
                0x000000000001854e                nrfx_clock_stop
 .text.nrf_gpiote_event_configure
                0x0000000000018556       0x32 modules/hal_nordic/nrfx/libmodules__hal_nordic__nrfx.a(nrfx_gpiote.c.obj)
 .text.nrf_gpiote_task_configure
                0x0000000000018588       0x3e modules/hal_nordic/nrfx/libmodules__hal_nordic__nrfx.a(nrfx_gpiote.c.obj)
 .text.__nrfy_internal_gpiote_event_handle
                0x00000000000185c6       0x3a modules/hal_nordic/nrfx/libmodules__hal_nordic__nrfx.a(nrfx_gpiote.c.obj)
 .text.__nrfy_internal_gpiote_events_process
                0x0000000000018600       0x3c modules/hal_nordic/nrfx/libmodules__hal_nordic__nrfx.a(nrfx_gpiote.c.obj)
 .text.nrf_gpio_cfg_default
                0x000000000001863c       0x18 modules/hal_nordic/nrfx/libmodules__hal_nordic__nrfx.a(nrfx_gpiote.c.obj)
 .text.nrf_gpio_cfg_sense_set
                0x0000000000018654       0x20 modules/hal_nordic/nrfx/libmodules__hal_nordic__nrfx.a(nrfx_gpiote.c.obj)
 .text.pin_in_use
                0x0000000000018674       0x1e modules/hal_nordic/nrfx/libmodules__hal_nordic__nrfx.a(nrfx_gpiote.c.obj)
 .text.pin_in_use_by_te
                0x0000000000018692       0x1e modules/hal_nordic/nrfx/libmodules__hal_nordic__nrfx.a(nrfx_gpiote.c.obj)
 .text.pin_has_trigger
                0x00000000000186b0       0x22 modules/hal_nordic/nrfx/libmodules__hal_nordic__nrfx.a(nrfx_gpiote.c.obj)
 .text.pin_is_output
                0x00000000000186d2       0x1e modules/hal_nordic/nrfx/libmodules__hal_nordic__nrfx.a(nrfx_gpiote.c.obj)
 .text.pin_is_task_output
                0x00000000000186f0       0x22 modules/hal_nordic/nrfx/libmodules__hal_nordic__nrfx.a(nrfx_gpiote.c.obj)
 .text.pin_is_input
                0x0000000000018712        0xe modules/hal_nordic/nrfx/libmodules__hal_nordic__nrfx.a(nrfx_gpiote.c.obj)
 .text.gpiote_polarity_to_trigger
                0x0000000000018720        0x2 modules/hal_nordic/nrfx/libmodules__hal_nordic__nrfx.a(nrfx_gpiote.c.obj)
 .text.gpiote_trigger_to_polarity
                0x0000000000018722        0x2 modules/hal_nordic/nrfx/libmodules__hal_nordic__nrfx.a(nrfx_gpiote.c.obj)
 .text.pin_te_get
                0x0000000000018724       0x1c modules/hal_nordic/nrfx/libmodules__hal_nordic__nrfx.a(nrfx_gpiote.c.obj)
 .text.is_level
                0x0000000000018740        0xa modules/hal_nordic/nrfx/libmodules__hal_nordic__nrfx.a(nrfx_gpiote.c.obj)
 .text.handler_in_use
                0x000000000001874a       0x3a modules/hal_nordic/nrfx/libmodules__hal_nordic__nrfx.a(nrfx_gpiote.c.obj)
 .text.pin_trigger_disable
                0x0000000000018784       0x46 modules/hal_nordic/nrfx/libmodules__hal_nordic__nrfx.a(nrfx_gpiote.c.obj)
 .text.pin_in_event_get
                0x00000000000187ca       0x24 modules/hal_nordic/nrfx/libmodules__hal_nordic__nrfx.a(nrfx_gpiote.c.obj)
 .text.find_handler
                0x00000000000187ee       0x34 modules/hal_nordic/nrfx/libmodules__hal_nordic__nrfx.a(nrfx_gpiote.c.obj)
 .text.get_initial_sense
                0x0000000000018822       0x3c modules/hal_nordic/nrfx/libmodules__hal_nordic__nrfx.a(nrfx_gpiote.c.obj)
 .text.channel_handler_get
                0x000000000001885e       0x24 modules/hal_nordic/nrfx/libmodules__hal_nordic__nrfx.a(nrfx_gpiote.c.obj)
 .text.gpiote_global_callback_set
                0x0000000000018882       0x1a modules/hal_nordic/nrfx/libmodules__hal_nordic__nrfx.a(nrfx_gpiote.c.obj)
 .text.gpiote_init_check
                0x000000000001889c       0x14 modules/hal_nordic/nrfx/libmodules__hal_nordic__nrfx.a(nrfx_gpiote.c.obj)
 .text.pin_trigger_enable
                0x00000000000188b0       0x78 modules/hal_nordic/nrfx/libmodules__hal_nordic__nrfx.a(nrfx_gpiote.c.obj)
 .text.call_handler
                0x0000000000018928       0x26 modules/hal_nordic/nrfx/libmodules__hal_nordic__nrfx.a(nrfx_gpiote.c.obj)
 .text.next_sense_cond_call_handler
                0x000000000001894e       0x6c modules/hal_nordic/nrfx/libmodules__hal_nordic__nrfx.a(nrfx_gpiote.c.obj)
 .text.pin_channel_alloc
                0x00000000000189ba       0x14 modules/hal_nordic/nrfx/libmodules__hal_nordic__nrfx.a(nrfx_gpiote.c.obj)
 .text.release_handler
                0x00000000000189ce       0x56 modules/hal_nordic/nrfx/libmodules__hal_nordic__nrfx.a(nrfx_gpiote.c.obj)
 .text.pin_handler_trigger_uninit
                0x0000000000018a24       0x44 modules/hal_nordic/nrfx/libmodules__hal_nordic__nrfx.a(nrfx_gpiote.c.obj)
 .text.pin_channel_free
                0x0000000000018a68       0x14 modules/hal_nordic/nrfx/libmodules__hal_nordic__nrfx.a(nrfx_gpiote.c.obj)
 .text.nrfy_gpiote_int_init
                0x0000000000018a7c       0x54 modules/hal_nordic/nrfx/libmodules__hal_nordic__nrfx.a(nrfx_gpiote.c.obj)
 .text.gpiote_evt_handle
                0x0000000000018ad0       0x42 modules/hal_nordic/nrfx/libmodules__hal_nordic__nrfx.a(nrfx_gpiote.c.obj)
 .text.irq_handler
                0x0000000000018b12       0x34 modules/hal_nordic/nrfx/libmodules__hal_nordic__nrfx.a(nrfx_gpiote.c.obj)
 .text.nrfx_gpiote_input_configure
                0x0000000000018b46        0x8 modules/hal_nordic/nrfx/libmodules__hal_nordic__nrfx.a(nrfx_gpiote.c.obj)
                0x0000000000018b46                nrfx_gpiote_input_configure
 .text.nrfx_gpiote_output_configure
                0x0000000000018b4e        0x8 modules/hal_nordic/nrfx/libmodules__hal_nordic__nrfx.a(nrfx_gpiote.c.obj)
                0x0000000000018b4e                nrfx_gpiote_output_configure
 .text.nrfx_gpiote_global_callback_set
                0x0000000000018b56        0x8 modules/hal_nordic/nrfx/libmodules__hal_nordic__nrfx.a(nrfx_gpiote.c.obj)
                0x0000000000018b56                nrfx_gpiote_global_callback_set
 .text.nrfx_gpiote_channel_get
                0x0000000000018b5e        0x8 modules/hal_nordic/nrfx/libmodules__hal_nordic__nrfx.a(nrfx_gpiote.c.obj)
                0x0000000000018b5e                nrfx_gpiote_channel_get
 .text.nrfx_gpiote_init
                0x0000000000018b66        0x8 modules/hal_nordic/nrfx/libmodules__hal_nordic__nrfx.a(nrfx_gpiote.c.obj)
                0x0000000000018b66                nrfx_gpiote_init
 .text.nrfx_gpiote_init_check
                0x0000000000018b6e        0x8 modules/hal_nordic/nrfx/libmodules__hal_nordic__nrfx.a(nrfx_gpiote.c.obj)
                0x0000000000018b6e                nrfx_gpiote_init_check
 .text.nrfx_gpiote_pin_uninit
                0x0000000000018b76        0x8 modules/hal_nordic/nrfx/libmodules__hal_nordic__nrfx.a(nrfx_gpiote.c.obj)
                0x0000000000018b76                nrfx_gpiote_pin_uninit
 .text.nrfx_gpiote_channel_free
                0x0000000000018b7e        0x8 modules/hal_nordic/nrfx/libmodules__hal_nordic__nrfx.a(nrfx_gpiote.c.obj)
                0x0000000000018b7e                nrfx_gpiote_channel_free
 .text.nrfx_gpiote_channel_alloc
                0x0000000000018b86        0x8 modules/hal_nordic/nrfx/libmodules__hal_nordic__nrfx.a(nrfx_gpiote.c.obj)
                0x0000000000018b86                nrfx_gpiote_channel_alloc
 .text.nrfx_gpiote_trigger_enable
                0x0000000000018b8e        0x8 modules/hal_nordic/nrfx/libmodules__hal_nordic__nrfx.a(nrfx_gpiote.c.obj)
                0x0000000000018b8e                nrfx_gpiote_trigger_enable
 .text.nrfx_gpiote_trigger_disable
                0x0000000000018b96        0x8 modules/hal_nordic/nrfx/libmodules__hal_nordic__nrfx.a(nrfx_gpiote.c.obj)
                0x0000000000018b96                nrfx_gpiote_trigger_disable
 .text.nrfx_gpiote_in_event_get
                0x0000000000018b9e        0x8 modules/hal_nordic/nrfx/libmodules__hal_nordic__nrfx.a(nrfx_gpiote.c.obj)
                0x0000000000018b9e                nrfx_gpiote_in_event_get
 .text.nrf_spim_configure
                0x0000000000018ba6       0x2a modules/hal_nordic/nrfx/libmodules__hal_nordic__nrfx.a(nrfx_spim.c.obj)
 .text.nrfy_spim_periph_configure
                0x0000000000018bd0       0x5a modules/hal_nordic/nrfx/libmodules__hal_nordic__nrfx.a(nrfx_spim.c.obj)
 .text.__nrfy_internal_spim_events_process
                0x0000000000018c2a       0xc4 modules/hal_nordic/nrfx/libmodules__hal_nordic__nrfx.a(nrfx_spim.c.obj)
 .text.nrf_gpio_cfg_default
                0x0000000000018cee       0x18 modules/hal_nordic/nrfx/libmodules__hal_nordic__nrfx.a(nrfx_spim.c.obj)
 .text.pin_init
                0x0000000000018d06       0x42 modules/hal_nordic/nrfx/libmodules__hal_nordic__nrfx.a(nrfx_spim.c.obj)
 .text.spim_pin_uninit
                0x0000000000018d48       0x10 modules/hal_nordic/nrfx/libmodules__hal_nordic__nrfx.a(nrfx_spim.c.obj)
 .text.set_ss_pin_state
                0x0000000000018d58       0x30 modules/hal_nordic/nrfx/libmodules__hal_nordic__nrfx.a(nrfx_spim.c.obj)
 .text.spim_abort
                0x0000000000018d88       0x2c modules/hal_nordic/nrfx/libmodules__hal_nordic__nrfx.a(nrfx_spim.c.obj)
 .text.finish_transfer
                0x0000000000018db4       0x2c modules/hal_nordic/nrfx/libmodules__hal_nordic__nrfx.a(nrfx_spim.c.obj)
 .text.irq_handler
                0x0000000000018de0       0x1e modules/hal_nordic/nrfx/libmodules__hal_nordic__nrfx.a(nrfx_spim.c.obj)
 .text.z_impl_k_busy_wait
                0x0000000000018dfe        0xc zephyr/kernel/libkernel.a(busy_wait.c.obj)
                0x0000000000018dfe                z_impl_k_busy_wait
 .text.z_impl_device_is_ready
                0x0000000000018e0a       0x20 zephyr/kernel/libkernel.a(device.c.obj)
                0x0000000000018e0a                z_impl_device_is_ready
 .text.arch_system_halt
                0x0000000000018e2a       0x10 zephyr/kernel/libkernel.a(fatal.c.obj)
                0x0000000000018e2a                arch_system_halt
 .text.k_sys_fatal_error_handler
                0x0000000000018e3a        0x6 zephyr/kernel/libkernel.a(fatal.c.obj)
                0x0000000000018e3a                k_sys_fatal_error_handler
 .text.do_device_init
                0x0000000000018e40       0x30 zephyr/kernel/libkernel.a(init.c.obj)
 .text.z_early_memset
                0x0000000000018e70        0x8 zephyr/kernel/libkernel.a(init.c.obj)
                0x0000000000018e70                z_early_memset
 .text.z_early_memcpy
                0x0000000000018e78        0x8 zephyr/kernel/libkernel.a(init.c.obj)
                0x0000000000018e78                z_early_memcpy
 .text.z_init_static
                0x0000000000018e80        0x2 zephyr/kernel/libkernel.a(init_static.c.obj)
                0x0000000000018e80                z_init_static
 .text.idle     0x0000000000018e82       0x16 zephyr/kernel/libkernel.a(idle.c.obj)
                0x0000000000018e82                idle
 .text.arch_spin_relax
                0x0000000000018e98        0x4 zephyr/kernel/libkernel.a(idle.c.obj)
                0x0000000000018e98                arch_spin_relax
 .text.new_prio_for_inheritance
                0x0000000000018e9c       0x16 zephyr/kernel/libkernel.a(mutex.c.obj)
 .text.adjust_owner_prio
                0x0000000000018eb2       0x16 zephyr/kernel/libkernel.a(mutex.c.obj)
 .text.setup_thread_stack
                0x0000000000018ec8       0x12 zephyr/kernel/libkernel.a(thread.c.obj)
 .text.k_is_in_isr
                0x0000000000018eda        0xc zephyr/kernel/libkernel.a(thread.c.obj)
                0x0000000000018eda                k_is_in_isr
 .text.z_impl_k_thread_start
                0x0000000000018ee6        0x8 zephyr/kernel/libkernel.a(thread.c.obj)
                0x0000000000018ee6                z_impl_k_thread_start
 .text.z_init_thread_base
                0x0000000000018eee       0x16 zephyr/kernel/libkernel.a(thread.c.obj)
                0x0000000000018eee                z_init_thread_base
 .text.z_impl_k_thread_create
                0x0000000000018f04       0x44 zephyr/kernel/libkernel.a(thread.c.obj)
                0x0000000000018f04                z_impl_k_thread_create
 .text.thread_active_elsewhere
                0x0000000000018f48        0x4 zephyr/kernel/libkernel.a(sched.c.obj)
 .text.z_swap_irqlock
                0x0000000000018f4c        0x8 zephyr/kernel/libkernel.a(sched.c.obj)
 .text.z_sched_prio_cmp
                0x0000000000018f54       0x14 zephyr/kernel/libkernel.a(sched.c.obj)
                0x0000000000018f54                z_sched_prio_cmp
 .text.unpend_all
                0x0000000000018f68       0x44 zephyr/kernel/libkernel.a(sched.c.obj)
 .text.add_to_waitq_locked
                0x0000000000018fac       0x56 zephyr/kernel/libkernel.a(sched.c.obj)
 .text.pend_locked
                0x0000000000019002       0x18 zephyr/kernel/libkernel.a(sched.c.obj)
 .text.z_ready_thread
                0x000000000001901a       0x36 zephyr/kernel/libkernel.a(sched.c.obj)
                0x000000000001901a                z_ready_thread
 .text.z_impl_k_thread_suspend
                0x0000000000019050       0x34 zephyr/kernel/libkernel.a(sched.c.obj)
                0x0000000000019050                z_impl_k_thread_suspend
 .text.z_sched_wake_thread
                0x0000000000019084       0x64 zephyr/kernel/libkernel.a(sched.c.obj)
                0x0000000000019084                z_sched_wake_thread
 .text.z_thread_timeout
                0x00000000000190e8        0xc zephyr/kernel/libkernel.a(sched.c.obj)
                0x00000000000190e8                z_thread_timeout
 .text.z_unpend_first_thread
                0x00000000000190f4       0x56 zephyr/kernel/libkernel.a(sched.c.obj)
                0x00000000000190f4                z_unpend_first_thread
 .text.z_reschedule_unlocked
                0x000000000001914a       0x16 zephyr/kernel/libkernel.a(sched.c.obj)
 .text.init_ready_q
                0x0000000000019160        0x8 zephyr/kernel/libkernel.a(sched.c.obj)
                0x0000000000019160                init_ready_q
 .text.z_thread_abort
                0x0000000000019168       0x4c zephyr/kernel/libkernel.a(sched.c.obj)
                0x0000000000019168                z_thread_abort
 .text.remove_timeout
                0x00000000000191b4       0x2e zephyr/kernel/libkernel.a(timeout.c.obj)
 .text.next_timeout
                0x00000000000191e2       0x3a zephyr/kernel/libkernel.a(timeout.c.obj)
 .text.z_abort_timeout
                0x000000000001921c       0x3a zephyr/kernel/libkernel.a(timeout.c.obj)
                0x000000000001921c                z_abort_timeout
 .text.sys_clock_tick_get_32
                0x0000000000019256        0x8 zephyr/kernel/libkernel.a(timeout.c.obj)
                0x0000000000019256                sys_clock_tick_get_32
 .text.k_heap_init
                0x000000000001925e       0x10 zephyr/kernel/libkernel.a(kheap.c.obj)
                0x000000000001925e                k_heap_init
 .text.memcpy   0x000000000001926e       0x1a C:/ncs/toolchains/2d382dcd92/opt/zephyr-sdk/arm-zephyr-eabi/arm-zephyr-eabi/lib/thumb/v8-m.main/nofp\libc_nano.a(lib_a-memcpy-stub.o)
                0x000000000001926e                memcpy
 .text.memset   0x0000000000019288       0x10 C:/ncs/toolchains/2d382dcd92/opt/zephyr-sdk/arm-zephyr-eabi/arm-zephyr-eabi/lib/thumb/v8-m.main/nofp\libc_nano.a(lib_a-memset.o)
                0x0000000000019288                memset
 .text.strnlen  0x0000000000019298       0x18 C:/ncs/toolchains/2d382dcd92/opt/zephyr-sdk/arm-zephyr-eabi/arm-zephyr-eabi/lib/thumb/v8-m.main/nofp\libc_nano.a(lib_a-strnlen.o)
                0x0000000000019298                strnlen
 *(SORT_BY_ALIGNMENT(.TEXT.*))
 *(SORT_BY_ALIGNMENT(.gnu.linkonce.t.*))
 *(SORT_BY_ALIGNMENT(.glue_7t))
 .glue_7t       0x00000000000192b0        0x0 linker stubs
 *(SORT_BY_ALIGNMENT(.glue_7))
 .glue_7        0x00000000000192b0        0x0 linker stubs
 *(SORT_BY_ALIGNMENT(.vfp11_veneer))
 .vfp11_veneer  0x00000000000192b0        0x0 linker stubs
 *(SORT_BY_ALIGNMENT(.v4_bx))
 .v4_bx         0x00000000000192b0        0x0 linker stubs
                0x00000000000192b0                . = ALIGN (0x4)
                0x00000000000192b0                __text_region_end = .

.ARM.exidx      0x00000000000192b0        0x8
                0x00000000000192b0                __exidx_start = .
 *(SORT_BY_ALIGNMENT(.ARM.exidx*) SORT_BY_ALIGNMENT(gnu.linkonce.armexidx.*))
 .ARM.exidx     0x00000000000192b0        0x8 c:/ncs/toolchains/2d382dcd92/opt/zephyr-sdk/arm-zephyr-eabi/bin/../lib/gcc/arm-zephyr-eabi/12.2.0/thumb/v8-m.main/nofp\libgcc.a(_udivmoddi4.o)
                0x00000000000192b8                __exidx_end = .
                0x00000000000192b8                __rodata_region_start = .

initlevel       0x00000000000192b8       0x78
                0x00000000000192b8                __init_start = .
                0x00000000000192b8                __init_EARLY_start = .
 *(SORT_BY_NAME(SORT_BY_ALIGNMENT(.z_init_EARLY?_*)))
 *(SORT_BY_NAME(SORT_BY_ALIGNMENT(.z_init_EARLY??_*)))
                0x00000000000192b8                __init_PRE_KERNEL_1_start = .
 *(SORT_BY_NAME(SORT_BY_ALIGNMENT(.z_init_PRE_KERNEL_1?_*)))
 .z_init_PRE_KERNEL_10_0_
                0x00000000000192b8        0x8 zephyr/soc/soc/nrf5340/libsoc__nordic.a(soc.c.obj)
 .z_init_PRE_KERNEL_10_0_
                0x00000000000192c0        0x8 zephyr/soc/soc/nrf5340/libsoc__nordic.a(nrf53_cpunet_mgmt.c.obj)
 .z_init_PRE_KERNEL_10_0_
                0x00000000000192c8        0x8 modules/nrf/modules/trusted-firmware-m/lib..__nrf__modules__trusted-firmware-m.a(fault.c.obj)
 *(SORT_BY_NAME(SORT_BY_ALIGNMENT(.z_init_PRE_KERNEL_1??_*)))
 .z_init_PRE_KERNEL_130_00078_
                0x00000000000192d0        0x8 zephyr/drivers/clock_control/libdrivers__clock_control.a(clock_control_nrf.c.obj)
 .z_init_PRE_KERNEL_130_0_
                0x00000000000192d8        0x8 zephyr/kernel/libkernel.a(kheap.c.obj)
 .z_init_PRE_KERNEL_140_00013_
                0x00000000000192e0        0x8 zephyr/drivers/gpio/libdrivers__gpio.a(gpio_nrfx.c.obj)
 .z_init_PRE_KERNEL_140_00033_
                0x00000000000192e8        0x8 zephyr/drivers/gpio/libdrivers__gpio.a(gpio_nrfx.c.obj)
 .z_init_PRE_KERNEL_150_00115_
                0x00000000000192f0        0x8 zephyr/drivers/serial/libdrivers__serial.a(uart_nrfx_uarte.c.obj)
 .z_init_PRE_KERNEL_160_0_
                0x00000000000192f8        0x8 zephyr/drivers/console/libdrivers__console.a(uart_console.c.obj)
                0x0000000000019300                __init_PRE_KERNEL_2_start = .
 *(SORT_BY_NAME(SORT_BY_ALIGNMENT(.z_init_PRE_KERNEL_2?_*)))
 .z_init_PRE_KERNEL_20_0_
                0x0000000000019300        0x8 zephyr/drivers/timer/libdrivers__timer.a(nrf_rtc_timer.c.obj)
 *(SORT_BY_NAME(SORT_BY_ALIGNMENT(.z_init_PRE_KERNEL_2??_*)))
                0x0000000000019308                __init_POST_KERNEL_start = .